Microchip MPLAB XC8 Compiler V2.00 ()

Linker command line:

-W-3 --edf=C:\Program Files (x86)\Microchip\xc8\v2.00\pic\dat\en_msgs.txt \
  -cs -h+dist/default/production\SolarCharger_RevE.production.sym \
  --cmf=dist/default/production\SolarCharger_RevE.production.cmf -z \
  -Q18F47J53 -oC:\Users\luke\AppData\Local\Temp\s233o.2 \
  --defsym=__MPLAB_BUILD=1 \
  -Mdist/default/production/SolarCharger_RevE.production.map -E1 -ver=XC8 \
  --acfsm=1493 -ASTACK=0A00h-0cffh -pstack=STACK -ACODE=0C000h-01FFF7h \
  -ACONST=0C000h-01FFF7h -ASMALLCONST=0C000h-0C0FFhx319,01FF00h-01FFF7h \
  -AMEDIUMCONST=0C000h-0FFFFh,010F00h-01FFF7h -ACOMRAM=01h-05Fh \
  -AABS1=00h-0EAFh -ABIGRAM=01h-0EAFh \
  -ARAM=060h-0FFh,0100h-01FFhx13,0E00h-0EAFh -ABANK0=060h-0FFh \
  -ABANK1=0100h-01FFh -ABANK2=0200h-02FFh -ABANK3=0300h-03FFh \
  -ABANK4=0400h-04FFh -ABANK5=0500h-05FFh -ABANK6=0600h-06FFh \
  -ABANK7=0700h-07FFh -ABANK8=0800h-08FFh -ABANK9=0900h-09FFh \
  -ABANK10=0A00h-0AFFh -ABANK11=0B00h-0BFFh -ABANK12=0C00h-0CFFh \
  -ABANK13=0D00h-0DFFh -ABANK14=0E00h-0EAFh \
  -ASFR=0EB0h-0EFFh,0F00h-0F5Fh,0F60h-0FFFh \
  -preset_vec=0C000h,intcode=0C008h,intcodelo,powerup,init -pramtop=0F00h \
  -psmallconst=SMALLCONST -pmediumconst=MEDIUMCONST -pconst=CONST \
  -AFARRAM=00h-00h -ACONFIG=01FFF8h-01FFFFh -pconfig=CONFIG \
  -pjflash_buffer=01F800h \
  -prdata=COMRAM,nvrram=COMRAM,nvbit=COMRAM,rbss=COMRAM,rbit=COMRAM \
  -pfarbss=FARRAM,fardata=FARRAM,nvFARRAM=FARRAM \
  -pintsave_regs=BIGRAM,bigbss=BIGRAM,bigdata=BIGRAM -pbss=RAM \
  -pidata=CODE,irdata=CODE,ibigdata=CODE,ifardata=CODE -prparam=COMRAM \
  C:\Users\luke\AppData\Local\Temp\s233o.o \
  dist/default/production\SolarCharger_RevE.production.o 

Object code version is 3.11

Machine type is 18F47J53

Call graph: (short form)




                Name                               Link     Load   Length Selector   Space Scale
C:\Users\luke\AppData\Local\Temp\s233o.o
                init                               C086     C086        4     6004       0
                reset_vec                          C000     C000        4     6000       0
                config                            1FFF8    1FFF8        8    1FFF8       0
dist/default/production\SolarCharger_RevE.production.o
                intcode                            C008     C008       7E     6004       0
                temp                                 5B       5B        1        1       1
                mediumconst                        C08A     C08A      408     6045       0
                text305                           14DCC    14DCC       D0     6249       0
                text304                           158C0    158C0       C0     6249       0
                text303                           1573C    1573C       C4     6249       0
                text302                           13396    13396      10E     6249       0
                text301                           1764A    1764A       5E     6249       0
                text300                           16634    16634       94     6249       0
                text299                           18388    18388       3C     6249       0
                text298                           138BE    138BE      102     6249       0
                text297                           18574    18574       34     6249       0
                text296                           1911C    1911C        4     C4BB       0
                text295                           18E36    18E36       1A     C4BB       0
                text294                           174CC    174CC       62     6249       0
                text293                           13288    13288      10E     6249       0
                text292                           19026    19026       10     C4BB       0
                text291                           136B4    136B4      106     6249       0
                text290                           17BE0    17BE0       56     6249       0
                text289                           14CFC    14CFC       D0     6249       0
                text288                           15980    15980       BC     6249       0
                text287                           17C8A    17C8A       54     6249       0
                text286                           168F4    168F4       86     6249       0
                text285                            F6C2     F6C2      278     6249       0
                text284                           12BD0    12BD0      12C     6249       0
                text283                           160E6    160E6       9C     6249       0
                text282                           1891E    1891E       2C     6249       0
                text281                           148C6    148C6       DC     6249       0
                text280                           14B54    14B54       D8     6249       0
                text279                           162B2    162B2       98     6249       0
                text278                           13CBA    13CBA       FA     6249       0
                text277                           16758    16758       90     6249       0
                text276                           17760    17760       5C     6249       0
                text275                           16476    16476       96     6249       0
                text274                           18CC0    18CC0       22     C4BB       0
                text273                           18248    18248       44     6249       0
                text272                           1872C    1872C       30     6249       0
                text271                           18436    18436       38     6249       0
                text270                           12454    12454      146     6249       0
                text269                           126DE    126DE      144     6249       0
                text268                           163E0    163E0       96     6249       0
                text266                           135AE    135AE      106     6249       0
                text265                           189F4    189F4       2A     C4BB       0
                text264                           186FC    186FC       30     6249       0
                text263                           1621A    1621A       98     6249       0
                text262                           18540    18540       34     6249       0
                text261                           17924    17924       5A     6249       0
                text260                           17E78    17E78       52     6249       0
                text259                           18C9E    18C9E       22     C4BB       0
                text258                           16E72    16E72       7A     6249       0
                text257                           1317A    1317A      10E     6249       0
                text256                           185DA    185DA       32     6249       0
                text255                           17704    17704       5C     6249       0
                text254                           1712A    1712A       6C     6249       0
                text253                           16DF8    16DF8       7A     6249       0
                text252                           169FE    169FE       84     6249       0
                text251                           11EF0    11EF0      166     6249       0
                text250                           17F6A    17F6A       50     6249       0
                text249                           1127E    1127E      1D0     6249       0
                text248                           19016    19016       10     C4BB       0
                text247                           18E1C    18E1C       1A     C4BB       0
                text246                           18E02    18E02       1A     C4BB       0
                text245                           17A86    17A86       58     6249       0
                text244                           18132    18132       48     6249       0
                text243                           1850C    1850C       34     6249       0
                text242                           15E5C    15E5C       A6     6249       0
                text241                           16D7E    16D7E       7A     6249       0
                text240                           16C88    16C88       7C     6249       0
                text239                           178CA    178CA       5A     6249       0
                text238                           17870    17870       5A     6249       0
                text237                           166C8    166C8       90     6249       0
                text236                           17E26    17E26       52     6249       0
                text235                           16EEC    16EEC       78     6249       0
                text234                            FE04     FE04      23E     6249       0
                text233                           18A1E    18A1E       28     C4BB       0
                text232                           175EC    175EC       5E     6249       0
                text231                           14F6A    14F6A       CE     6249       0
                text230                           1846E    1846E       36     6249       0
                text229                           176A8    176A8       5C     6249       0
                text228                            EED4     EED4      2D6     6249       0
                text227                           18008    18008       4C     6249       0
                text226                           13BBC    13BBC       FE     6249       0
                text225                           15FA6    15FA6       A2     6249       0
                text224                           11D8A    11D8A      166     6249       0
                text223                           18D02    18D02       20     C4BB       0
                text222                           15800    15800       C0     6249       0
                text221                           189CA    189CA       2A     C4BB       0
                text220                           18D5E    18D5E       1E     C4BB       0
                text219                           1908A    1908A        E     C4BB       0
                text218                           19006    19006       10     C4BB       0
                text217                           1907C    1907C        E     C4BB       0
                text216                           18FF6    18FF6       10     C4BB       0
                text215                           1906E    1906E        E     C4BB       0
                text214                           18FE6    18FE6       10     C4BB       0
                text213                           1733A    1733A       68     6249       0
                text212                           19060    19060        E     C4BB       0
                text211                           18FD6    18FD6       10     C4BB       0
                text210                           19052    19052        E     C4BB       0
                text209                           18FC6    18FC6       10     C4BB       0
                text208                           19044    19044        E     C4BB       0
                text207                           18FB6    18FB6       10     C4BB       0
                text206                           17200    17200       6A     6249       0
                text205                           16C08    16C08       80     6249       0
                text204                           14456    14456       E8     6249       0
                text203                           1752E    1752E       60     6249       0
                text202                           12964    12964      13C     6249       0
                text201                           1409A    1409A       F2     6249       0
                text200                           13ABE    13ABE       FE     6249       0
                text199                           121B0    121B0      158     6249       0
                text198                           17F1A    17F1A       50     6249       0
                text197                           17DD4    17DD4       52     6249       0
                text196                           1453E    1453E       E6     6249       0
                text195                            F448     F448      27A     6249       0
                text194                           15F02    15F02       A4     6249       0
                text193                           139C0    139C0       FE     6249       0
                text192                           108A8    108A8      206     6249       0
                text191                           189A0    189A0       2A     C4BB       0
                text190                           17A2E    17A2E       58     6249       0
                text189                            F93A     F93A      274     6249       0
                text188                           14C2C    14C2C       D0     6249       0
                text187                           11616    11616      198     6249       0
                text186                           1048A    1048A      218     6249       0
                text185                           15C5C    15C5C       AE     6249       0
                text184                           11940    11940      172     6249       0
                text183                           154E8    154E8       C8     6249       0
                text182                           15420    15420       C8     6249       0
                text181                           15358    15358       C8     6249       0
                text180                           15290    15290       C8     6249       0
                text179                           151C8    151C8       C8     6249       0
                text178                           15100    15100       C8     6249       0
                text177                           15038    15038       C8     6249       0
                text176                           186CC    186CC       30     6249       0
                text175                           18D40    18D40       1E     C4BB       0
                text174                           12056    12056      15A     6249       0
                text173                           180E8    180E8       4A     6249       0
                text172                           18B04    18B04       24     C4BB       0
                text171                           18D98    18D98       1C     C4BB       0
                text170                           18F28    18F28       18     C4BB       0
                text169                           18F10    18F10       18     C4BB       0
                text168                           18F56    18F56       16     C4BB       0
                text167                           18F40    18F40       16     C4BB       0
                text166                           18EF8    18EF8       18     C4BB       0
                text165                           18EE0    18EE0       18     C4BB       0
                text164                           18EC8    18EC8       18     C4BB       0
                text163                           18EB0    18EB0       18     C4BB       0
                text162                           18E98    18E98       18     C4BB       0
                text161                           18E80    18E80       18     C4BB       0
                text160                            D38C     D38C      3FC     6249       0
                text159                           19120    19120        2     C4BB       0
                text158                           190E4    190E4        A     C4BB       0
                text157                           190F6    190F6        8     C4BB       0
                text156                           190EE    190EE        8     C4BB       0
                text155                           17406    17406       64     6249       0
                text154                           17ECA    17ECA       50     6249       0
                text153                           1869C    1869C       30     6249       0
                text152                           16B86    16B86       82     6249       0
                text151                           1809E    1809E       4A     6249       0
                text150                           17B8A    17B8A       56     6249       0
                text149                           17FBA    17FBA       4E     6249       0
                text148                           1418C    1418C       F0     6249       0
                text147                           11AB2    11AB2      170     6249       0
                text146                           1686E    1686E       86     6249       0
                text145                           1634A    1634A       96     6249       0
                text144                           16FD8    16FD8       74     6249       0
                text143                           18814    18814       2E     6249       0
                text142                           16182    16182       98     6249       0
                text141                           17B34    17B34       56     6249       0
                text140                           17ADE    17ADE       56     6249       0
                text139                           1910A    1910A        6     C4BB       0
                text138                           19118    19118        4     C4BB       0
                text137                           19114    19114        4     C4BB       0
                text136                           187E6    187E6       2E     6249       0
                text135                           19104    19104        6     C4BB       0
                text134                            CF44     CF44      448     6249       0
                text133                           17D82    17D82       52     6249       0
                text132                           1866C    1866C       30     6249       0
                text131                           18D22    18D22       1E     C4BB       0
                text130                           14A7C    14A7C       D8     6249       0
                text129                           10042    10042      226     6249       0
                text128                           1427C    1427C       EE     6249       0
                text127                           10AAE    10AAE      204     6249       0
                text126                           11C22    11C22      168     6249       0
                text125                           15DB4    15DB4       A8     6249       0
                text124                           190DA    190DA        A     C4BB       0
                text123                           18C7C    18C7C       22     C4BB       0
                text122                           18F80    18F80       14     C4BB       0
                text121                           190B0    190B0        C     C4BB       0
                text120                           15BAA    15BAA       B2     6249       0
                text119                           184D8    184D8       34     6249       0
                text118                           1746A    1746A       62     6249       0
                text117                           134A4    134A4      10A     6249       0
                text116                           13062    13062      118     6249       0
                text115                           13EAC    13EAC       F8     6249       0
                text114                           10EB0    10EB0      1E8     6249       0
                text113                           184A4    184A4       34     6249       0
                text112                           19110    19110        4     C4BB       0
                text111                            EBFE     EBFE      2D6     6249       0
                text110                            DB4A     DB4A      3BA     6249       0
                text109                           1758E    1758E       5E     6249       0
                text108                           12AA0    12AA0      130     6249       0
                text107                            FBAE     FBAE      256     6249       0
                text106                           18F94    18F94       12     C4BB       0
                text105                           17816    17816       5A     6249       0
                text104                           185A8    185A8       32     6249       0
                text103                           1863C    1863C       30     6249       0
                text102                           12308    12308      14C     6249       0
                text101                           179D6    179D6       58     6249       0
                text100                           13FA4    13FA4       F6     6249       0
                text99                            190A4    190A4        C     C4BB       0
                text98                            167E8    167E8       86     6249       0
                text97                            1697A    1697A       84     6249       0
                text96                            15A3C    15A3C       BA     6249       0
                text95                            17196    17196       6A     6249       0
                text94                            16F64    16F64       74     6249       0
                text93                            15676    15676       C6     6249       0
                text92                            188F2    188F2       2C     6249       0
                text91                             CAD2     CAD2      472     6249       0
                text90                            173A2    173A2       64     6249       0
                text89                            1436A    1436A       EC     6249       0
                text88                            1797E    1797E       58     6249       0
                text87                            17C36    17C36       54     6249       0
                text86                            18204    18204       44     6249       0
                text85                            15D0A    15D0A       AA     6249       0
                text84                            181C0    181C0       44     6249       0
                text83                            1834A    1834A       3E     6249       0
                text82                            106A2    106A2      206     6249       0
                text81                             E8F6     E8F6      308     6249       0
                text80                            18054    18054       4A     6249       0
                text79                            14E9C    14E9C       CE     6249       0
                text78                            147E8    147E8       DE     6249       0
                text77                            1259A    1259A      144     6249       0
                text76                             E298     E298      34A     6249       0
                text75                            11098    11098      1E6     6249       0
                text74                            10268    10268      222     6249       0
                text73                            15AF6    15AF6       B4     6249       0
                text72                            10CB2    10CB2      1FE     6249       0
                text71                            1144E    1144E      1C8     6249       0
                text70                             C492     C492      640     6249       0
                text69                            117AE    117AE      192     6249       0
                text68                            16048    16048       9E     6249       0
                text67                            188C6    188C6       2C     6249       0
                text66                            18976    18976       2A     C4BB       0
                text65                            177BC    177BC       5A     6249       0
                text64                            16D04    16D04       7A     6249       0
                text63                            190D0    190D0        A     C4BB       0
                text62                            190C6    190C6        A     C4BB       0
                text61                            190BC    190BC        A     C4BB       0
                text60                            17D30    17D30       52     6249       0
                text59                            183C4    183C4       3A     6249       0
                text58                            165A0    165A0       94     6249       0
                text57                            1889A    1889A       2C     6249       0
                text56                            1704C    1704C       70     6249       0
                text55                            16B04    16B04       82     6249       0
                text54                            16A82    16A82       82     6249       0
                text53                            18DE8    18DE8       1A     C4BB       0
                text52                             F1AA     F1AA      29E     6249       0
                text51                            12E20    12E20      124     6249       0
                text50                            14706    14706       E2     6249       0
                text49                            12CFC    12CFC      124     6249       0
                text48                            14624    14624       E2     6249       0
                text47                            1830C    1830C       3E     6249       0
                text46                            182CC    182CC       40     6249       0
                text45                            18D7C    18D7C       1C     C4BB       0
                text44                            1860C    1860C       30     6249       0
                text43                            18E68    18E68       18     C4BB       0
                text42                            19036    19036        E     C4BB       0
                text41                            170BC    170BC       6E     6249       0
                text40                            183FE    183FE       38     6249       0
                text39                            1828C    1828C       40     6249       0
                text38                            18DCE    18DCE       1A     C4BB       0
                text37                             D788     D788      3C2     6249       0
                text36                            1650C    1650C       94     6249       0
                text35                            17CDE    17CDE       52     6249       0
                text34                            12F44    12F44      11E     6249       0
                text33                            18E50    18E50       18     C4BB       0
                text32                            19098    19098        C     C4BB       0
                text31                            149A2    149A2       DA     6249       0
                text30                            1817A    1817A       46     6249       0
                text29                            172D2    172D2       68     6249       0
                text28                            18CE2    18CE2       20     C4BB       0
                text27                            12822    12822      142     6249       0
                text26                            18DB4    18DB4       1A     C4BB       0
                text25                            18F6C    18F6C       14     C4BB       0
                text24                            137BA    137BA      104     6249       0
                text23                            187B8    187B8       2E     6249       0
                text22                            18ADE    18ADE       26     C4BB       0
                text21                            18C5A    18C5A       22     C4BB       0
                text20                            18C38    18C38       22     C4BB       0
                text19                            18C16    18C16       22     C4BB       0
                text18                            18BF4    18BF4       22     C4BB       0
                text17                            18BD2    18BD2       22     C4BB       0
                text16                            1878A    1878A       2E     6249       0
                text15                            18AB8    18AB8       26     C4BB       0
                text14                            18BB0    18BB0       22     C4BB       0
                text13                            18B8E    18B8E       22     C4BB       0
                text12                            18B6C    18B6C       22     C4BB       0
                text11                            18B4A    18B4A       22     C4BB       0
                text10                            18B28    18B28       22     C4BB       0
                text9                             18A92    18A92       26     C4BB       0
                text8                              DF04     DF04      394     6249       0
                text7                             1886E    1886E       2C     6249       0
                text6                             18A6C    18A6C       26     C4BB       0
                text5                             18A46    18A46       26     C4BB       0
                text4                             1875C    1875C       2E     6249       0
                text3                             190FE    190FE        6     C4BB       0
                text2                             18FA6    18FA6       10     C4BB       0
                text1                             13DB4    13DB4       F8     6249       0
                text0                              E5E2     E5E2      314     6249       0
                cstackCOMRAM                         2E       2E       2D        1       1
                cstackBANK0                          60       60       9F       60       1
                cstackBANK1                         100      100       D5      100       1
                bssBIGRAMll                         800      800      200      800       1
                dataBANK5                           500      500       68      500       1
                bssBANK4                            400      400      100      400       1
                dataBANK3                           3BC      3BC       2C      300       1
                bssBANK3                            300      300       BC      300       1
                dataBANK2                           2D4      2D4       2B      200       1
                bssBANK2                            200      200       D4      200       1
                bssBANK1                            1D5      1D5       2B      100       1
                bssBANK0                             FF       FF        1       60       1
                bssCOMRAM                             1        1       2D        1       1
                cinit                             155B0    155B0       C6     6249       0
                idataBANK5                        1726A    1726A       68     6249       0
                idataBANK3                        18842    18842       2C     6249       0
                idataBANK2                        1894A    1894A       2B     6249       0

TOTAL           Name                               Link     Load   Length     Space
        CLASS   STACK          

        CLASS   CODE           
                intcode                            C008     C008       7E         0
                init                               C086     C086        4         0
                reset_vec                          C000     C000        4         0
                text305                           14DCC    14DCC       D0         0
                text304                           158C0    158C0       C0         0
                text303                           1573C    1573C       C4         0
                text302                           13396    13396      10E         0
                text301                           1764A    1764A       5E         0
                text300                           16634    16634       94         0
                text299                           18388    18388       3C         0
                text298                           138BE    138BE      102         0
                text297                           18574    18574       34         0
                text296                           1911C    1911C        4         0
                text295                           18E36    18E36       1A         0
                text294                           174CC    174CC       62         0
                text293                           13288    13288      10E         0
                text292                           19026    19026       10         0
                text291                           136B4    136B4      106         0
                text290                           17BE0    17BE0       56         0
                text289                           14CFC    14CFC       D0         0
                text288                           15980    15980       BC         0
                text287                           17C8A    17C8A       54         0
                text286                           168F4    168F4       86         0
                text285                            F6C2     F6C2      278         0
                text284                           12BD0    12BD0      12C         0
                text283                           160E6    160E6       9C         0
                text282                           1891E    1891E       2C         0
                text281                           148C6    148C6       DC         0
                text280                           14B54    14B54       D8         0
                text279                           162B2    162B2       98         0
                text278                           13CBA    13CBA       FA         0
                text277                           16758    16758       90         0
                text276                           17760    17760       5C         0
                text275                           16476    16476       96         0
                text274                           18CC0    18CC0       22         0
                text273                           18248    18248       44         0
                text272                           1872C    1872C       30         0
                text271                           18436    18436       38         0
                text270                           12454    12454      146         0
                text269                           126DE    126DE      144         0
                text268                           163E0    163E0       96         0
                text266                           135AE    135AE      106         0
                text265                           189F4    189F4       2A         0
                text264                           186FC    186FC       30         0
                text263                           1621A    1621A       98         0
                text262                           18540    18540       34         0
                text261                           17924    17924       5A         0
                text260                           17E78    17E78       52         0
                text259                           18C9E    18C9E       22         0
                text258                           16E72    16E72       7A         0
                text257                           1317A    1317A      10E         0
                text256                           185DA    185DA       32         0
                text255                           17704    17704       5C         0
                text254                           1712A    1712A       6C         0
                text253                           16DF8    16DF8       7A         0
                text252                           169FE    169FE       84         0
                text251                           11EF0    11EF0      166         0
                text250                           17F6A    17F6A       50         0
                text249                           1127E    1127E      1D0         0
                text248                           19016    19016       10         0
                text247                           18E1C    18E1C       1A         0
                text246                           18E02    18E02       1A         0
                text245                           17A86    17A86       58         0
                text244                           18132    18132       48         0
                text243                           1850C    1850C       34         0
                text242                           15E5C    15E5C       A6         0
                text241                           16D7E    16D7E       7A         0
                text240                           16C88    16C88       7C         0
                text239                           178CA    178CA       5A         0
                text238                           17870    17870       5A         0
                text237                           166C8    166C8       90         0
                text236                           17E26    17E26       52         0
                text235                           16EEC    16EEC       78         0
                text234                            FE04     FE04      23E         0
                text233                           18A1E    18A1E       28         0
                text232                           175EC    175EC       5E         0
                text231                           14F6A    14F6A       CE         0
                text230                           1846E    1846E       36         0
                text229                           176A8    176A8       5C         0
                text228                            EED4     EED4      2D6         0
                text227                           18008    18008       4C         0
                text226                           13BBC    13BBC       FE         0
                text225                           15FA6    15FA6       A2         0
                text224                           11D8A    11D8A      166         0
                text223                           18D02    18D02       20         0
                text222                           15800    15800       C0         0
                text221                           189CA    189CA       2A         0
                text220                           18D5E    18D5E       1E         0
                text219                           1908A    1908A        E         0
                text218                           19006    19006       10         0
                text217                           1907C    1907C        E         0
                text216                           18FF6    18FF6       10         0
                text215                           1906E    1906E        E         0
                text214                           18FE6    18FE6       10         0
                text213                           1733A    1733A       68         0
                text212                           19060    19060        E         0
                text211                           18FD6    18FD6       10         0
                text210                           19052    19052        E         0
                text209                           18FC6    18FC6       10         0
                text208                           19044    19044        E         0
                text207                           18FB6    18FB6       10         0
                text206                           17200    17200       6A         0
                text205                           16C08    16C08       80         0
                text204                           14456    14456       E8         0
                text203                           1752E    1752E       60         0
                text202                           12964    12964      13C         0
                text201                           1409A    1409A       F2         0
                text200                           13ABE    13ABE       FE         0
                text199                           121B0    121B0      158         0
                text198                           17F1A    17F1A       50         0
                text197                           17DD4    17DD4       52         0
                text196                           1453E    1453E       E6         0
                text195                            F448     F448      27A         0
                text194                           15F02    15F02       A4         0
                text193                           139C0    139C0       FE         0
                text192                           108A8    108A8      206         0
                text191                           189A0    189A0       2A         0
                text190                           17A2E    17A2E       58         0
                text189                            F93A     F93A      274         0
                text188                           14C2C    14C2C       D0         0
                text187                           11616    11616      198         0
                text186                           1048A    1048A      218         0
                text185                           15C5C    15C5C       AE         0
                text184                           11940    11940      172         0
                text183                           154E8    154E8       C8         0
                text182                           15420    15420       C8         0
                text181                           15358    15358       C8         0
                text180                           15290    15290       C8         0
                text179                           151C8    151C8       C8         0
                text178                           15100    15100       C8         0
                text177                           15038    15038       C8         0
                text176                           186CC    186CC       30         0
                text175                           18D40    18D40       1E         0
                text174                           12056    12056      15A         0
                text173                           180E8    180E8       4A         0
                text172                           18B04    18B04       24         0
                text171                           18D98    18D98       1C         0
                text170                           18F28    18F28       18         0
                text169                           18F10    18F10       18         0
                text168                           18F56    18F56       16         0
                text167                           18F40    18F40       16         0
                text166                           18EF8    18EF8       18         0
                text165                           18EE0    18EE0       18         0
                text164                           18EC8    18EC8       18         0
                text163                           18EB0    18EB0       18         0
                text162                           18E98    18E98       18         0
                text161                           18E80    18E80       18         0
                text160                            D38C     D38C      3FC         0
                text159                           19120    19120        2         0
                text158                           190E4    190E4        A         0
                text157                           190F6    190F6        8         0
                text156                           190EE    190EE        8         0
                text155                           17406    17406       64         0
                text154                           17ECA    17ECA       50         0
                text153                           1869C    1869C       30         0
                text152                           16B86    16B86       82         0
                text151                           1809E    1809E       4A         0
                text150                           17B8A    17B8A       56         0
                text149                           17FBA    17FBA       4E         0
                text148                           1418C    1418C       F0         0
                text147                           11AB2    11AB2      170         0
                text146                           1686E    1686E       86         0
                text145                           1634A    1634A       96         0
                text144                           16FD8    16FD8       74         0
                text143                           18814    18814       2E         0
                text142                           16182    16182       98         0
                text141                           17B34    17B34       56         0
                text140                           17ADE    17ADE       56         0
                text139                           1910A    1910A        6         0
                text138                           19118    19118        4         0
                text137                           19114    19114        4         0
                text136                           187E6    187E6       2E         0
                text135                           19104    19104        6         0
                text134                            CF44     CF44      448         0
                text133                           17D82    17D82       52         0
                text132                           1866C    1866C       30         0
                text131                           18D22    18D22       1E         0
                text130                           14A7C    14A7C       D8         0
                text129                           10042    10042      226         0
                text128                           1427C    1427C       EE         0
                text127                           10AAE    10AAE      204         0
                text126                           11C22    11C22      168         0
                text125                           15DB4    15DB4       A8         0
                text124                           190DA    190DA        A         0
                text123                           18C7C    18C7C       22         0
                text122                           18F80    18F80       14         0
                text121                           190B0    190B0        C         0
                text120                           15BAA    15BAA       B2         0
                text119                           184D8    184D8       34         0
                text118                           1746A    1746A       62         0
                text117                           134A4    134A4      10A         0
                text116                           13062    13062      118         0
                text115                           13EAC    13EAC       F8         0
                text114                           10EB0    10EB0      1E8         0
                text113                           184A4    184A4       34         0
                text112                           19110    19110        4         0
                text111                            EBFE     EBFE      2D6         0
                text110                            DB4A     DB4A      3BA         0
                text109                           1758E    1758E       5E         0
                text108                           12AA0    12AA0      130         0
                text107                            FBAE     FBAE      256         0
                text106                           18F94    18F94       12         0
                text105                           17816    17816       5A         0
                text104                           185A8    185A8       32         0
                text103                           1863C    1863C       30         0
                text102                           12308    12308      14C         0
                text101                           179D6    179D6       58         0
                text100                           13FA4    13FA4       F6         0
                text99                            190A4    190A4        C         0
                text98                            167E8    167E8       86         0
                text97                            1697A    1697A       84         0
                text96                            15A3C    15A3C       BA         0
                text95                            17196    17196       6A         0
                text94                            16F64    16F64       74         0
                text93                            15676    15676       C6         0
                text92                            188F2    188F2       2C         0
                text91                             CAD2     CAD2      472         0
                text90                            173A2    173A2       64         0
                text89                            1436A    1436A       EC         0
                text88                            1797E    1797E       58         0
                text87                            17C36    17C36       54         0
                text86                            18204    18204       44         0
                text85                            15D0A    15D0A       AA         0
                text84                            181C0    181C0       44         0
                text83                            1834A    1834A       3E         0
                text82                            106A2    106A2      206         0
                text81                             E8F6     E8F6      308         0
                text80                            18054    18054       4A         0
                text79                            14E9C    14E9C       CE         0
                text78                            147E8    147E8       DE         0
                text77                            1259A    1259A      144         0
                text76                             E298     E298      34A         0
                text75                            11098    11098      1E6         0
                text74                            10268    10268      222         0
                text73                            15AF6    15AF6       B4         0
                text72                            10CB2    10CB2      1FE         0
                text71                            1144E    1144E      1C8         0
                text70                             C492     C492      640         0
                text69                            117AE    117AE      192         0
                text68                            16048    16048       9E         0
                text67                            188C6    188C6       2C         0
                text66                            18976    18976       2A         0
                text65                            177BC    177BC       5A         0
                text64                            16D04    16D04       7A         0
                text63                            190D0    190D0        A         0
                text62                            190C6    190C6        A         0
                text61                            190BC    190BC        A         0
                text60                            17D30    17D30       52         0
                text59                            183C4    183C4       3A         0
                text58                            165A0    165A0       94         0
                text57                            1889A    1889A       2C         0
                text56                            1704C    1704C       70         0
                text55                            16B04    16B04       82         0
                text54                            16A82    16A82       82         0
                text53                            18DE8    18DE8       1A         0
                text52                             F1AA     F1AA      29E         0
                text51                            12E20    12E20      124         0
                text50                            14706    14706       E2         0
                text49                            12CFC    12CFC      124         0
                text48                            14624    14624       E2         0
                text47                            1830C    1830C       3E         0
                text46                            182CC    182CC       40         0
                text45                            18D7C    18D7C       1C         0
                text44                            1860C    1860C       30         0
                text43                            18E68    18E68       18         0
                text42                            19036    19036        E         0
                text41                            170BC    170BC       6E         0
                text40                            183FE    183FE       38         0
                text39                            1828C    1828C       40         0
                text38                            18DCE    18DCE       1A         0
                text37                             D788     D788      3C2         0
                text36                            1650C    1650C       94         0
                text35                            17CDE    17CDE       52         0
                text34                            12F44    12F44      11E         0
                text33                            18E50    18E50       18         0
                text32                            19098    19098        C         0
                text31                            149A2    149A2       DA         0
                text30                            1817A    1817A       46         0
                text29                            172D2    172D2       68         0
                text28                            18CE2    18CE2       20         0
                text27                            12822    12822      142         0
                text26                            18DB4    18DB4       1A         0
                text25                            18F6C    18F6C       14         0
                text24                            137BA    137BA      104         0
                text23                            187B8    187B8       2E         0
                text22                            18ADE    18ADE       26         0
                text21                            18C5A    18C5A       22         0
                text20                            18C38    18C38       22         0
                text19                            18C16    18C16       22         0
                text18                            18BF4    18BF4       22         0
                text17                            18BD2    18BD2       22         0
                text16                            1878A    1878A       2E         0
                text15                            18AB8    18AB8       26         0
                text14                            18BB0    18BB0       22         0
                text13                            18B8E    18B8E       22         0
                text12                            18B6C    18B6C       22         0
                text11                            18B4A    18B4A       22         0
                text10                            18B28    18B28       22         0
                text9                             18A92    18A92       26         0
                text8                              DF04     DF04      394         0
                text7                             1886E    1886E       2C         0
                text6                             18A6C    18A6C       26         0
                text5                             18A46    18A46       26         0
                text4                             1875C    1875C       2E         0
                text3                             190FE    190FE        6         0
                text2                             18FA6    18FA6       10         0
                text1                             13DB4    13DB4       F8         0
                text0                              E5E2     E5E2      314         0
                cinit                             155B0    155B0       C6         0
                idataBANK5                        1726A    1726A       68         0
                idataBANK3                        18842    18842       2C         0
                idataBANK2                        1894A    1894A       2B         0

        CLASS   CONST          

        CLASS   SMALLCONST     

        CLASS   MEDIUMCONST    
                mediumconst                        C08A     C08A      408         0

        CLASS   COMRAM         
                temp                                 5B       5B        1         1
                cstackCOMRAM                         2E       2E       2D         1
                bssCOMRAM                             1        1       2D         1

        CLASS   ABS1           
                abs_s1                              600      600      200         1
                abs_s1                              D00      D00       5F         1
                abs_s1                              D80      D80        D         1

        CLASS   BIGRAM         
                bssBIGRAMll                         800      800      200         1

        CLASS   RAM            

        CLASS   BANK0          
                cstackBANK0                          60       60       9F         1
                bssBANK0                             FF       FF        1         1

        CLASS   BANK1          
                cstackBANK1                         100      100       D5         1
                bssBANK1                            1D5      1D5       2B         1

        CLASS   BANK2          
                dataBANK2                           2D4      2D4       2B         1
                bssBANK2                            200      200       D4         1

        CLASS   BANK3          
                dataBANK3                           3BC      3BC       2C         1
                bssBANK3                            300      300       BC         1

        CLASS   BANK4          
                bssBANK4                            400      400      100         1

        CLASS   BANK5          
                dataBANK5                           500      500       68         1

        CLASS   BANK6          

        CLASS   BANK7          

        CLASS   BANK8          

        CLASS   BANK9          

        CLASS   BANK10         

        CLASS   BANK11         

        CLASS   BANK12         

        CLASS   BANK13         

        CLASS   BANK14         

        CLASS   SFR            

        CLASS   FARRAM         

        CLASS   CONFIG         
                config                            1FFF8    1FFF8        8         0

        CLASS   IDLOC          



SEGMENTS        Name                           Load    Length   Top    Selector   Space  Class

                bssCOMRAM                      000001  00005B  00005C         1       1  COMRAM  
                cstackBANK0                    000060  0000A0  000100        60       1  BANK0   
                cstackBANK1                    000100  000100  000200       100       1  BANK1   
                bssBANK2                       000200  0000FF  0002FF       200       1  BANK2   
                bssBANK3                       000300  0000E8  0003E8       300       1  BANK3   
                bssBANK4                       000400  000100  000500       400       1  BANK4   
                dataBANK5                      000500  000068  000568       500       1  BANK5   
                bssBIGRAMll                    000800  000200  000A00       800       1  BIGRAM  
                reset_vec                      00C000  000004  00C004      6000       0  CODE    
                intcode                        00C008  000082  00C08A      6004       0  CODE    
                mediumconst                    00C08A  000408  00C492      6045       0  MEDIUMCO
                text70                         00C492  00C4E3  018975      6249       0  CODE    
                text66                         018976  0007AC  019122      C4BB       0  CODE    
                config                         01FFF8  000008  020000     1FFF8       0  CONFIG  


UNUSED ADDRESS RANGES

        Name                Unused          Largest block    Delta
        BANK10           00A00-00AFF             100
        BANK11           00B00-00BFF             100
        BANK12           00C00-00CFF             100
        BANK13           00D5F-00D7F              21
                         00D8D-00DFF              73
        BANK14           00E00-00EAF              B0
        BANK2            002FF-002FF               1
        BANK3            003E8-003FF              18
        BANK5            00568-005FF              98
        BIGRAM           0005C-0005F               4
                         002FF-002FF               1
                         003E8-003FF              18
                         00568-005FF              98
                         00A00-00CFF             300
                         00D5F-00D7F              21
                         00D8D-00EAF             123
        CODE             0C004-0C007               4
                         18975-18975               1
                         19122-1FFF7            6ED6
        COMRAM           0005C-0005F               4
        CONST            0C004-0C007               4
                         18975-18975               1
                         19122-1FFF7            6ED6
        FARRAM           00000-00000               1
        MEDIUMCONST      0C004-0C007               4
                         18975-18975               1
                         19122-1FFF7            6ED6
        RAM              002FF-002FF               1
                         003E8-003FF              18
                         00568-005FF              98
                         00A00-00CFF             100
                         00D5F-00D7F              21
                         00D8D-00EAF              73
        SFR              00EB0-00FFF              60
        SMALLCONST       0C004-0C007               4
                         18975-18975               1
                         19122-1FFF7             100
        STACK            00A00-00CFF             300

                                  Symbol Table

?_ExternalFlash_CapacityRead                            cstackBANK0   00060
?_ExternalFlash_MediaInitialize                         cstackBANK0   00060
?_ExternalFlash_SectorSizeRead                          cstackBANK0   00060
?_USBTransferOnePacket                                  cstackBANK0   00060
?___aldiv                                               cstackBANK0   00060
?___fltol                                               cstackBANK0   00060
?___lldiv                                               cstackBANK0   00060
?___lmul                                                cstackBANK0   00060
?___lwdiv                                               cstackBANK0   00060
?___lwmod                                               cstackBANK0   00060
?___xxtofl                                              cstackBANK0   0006E
?__cluster_from_sector_and_offset                       cstackBANK0   00060
?__data_sector_from_cluster                             cstackBANK0   00060
?__fat_offset_from_cluster                              cstackBANK0   00060
?__fat_sector_from_cluster                              cstackBANK0   00060
?__find_nth_cluster                                     cstackBANK0   00097
?__flash_get_status                                     cstackBANK0   0006C
?__get_available_cluster                                cstackBANK0   0008B
?__get_available_offset_from_buffer                     cstackBANK0   00060
?__get_date                                             cstackBANK0   00064
?__get_first_cluster                                    cstackBANK0   0008F
?__get_input_power                                      cstackBANK0   0006E
?__get_output_power                                     cstackBANK0   0006D
?__get_time                                             cstackBANK0   00064
?__make_cluster_chain                                   cstackBANK0   00095
?__offset_from_file_number                              cstackBANK0   00060
?__read_fat                                             cstackBANK0   0008F
?__read_value_from_offset                               cstackBANK0   00060
?__sector_from_file_number                              cstackBANK0   00060
?_adc_calculate_temperature                             cstackBANK0   0006C
?_adc_read                                              cstackBANK0   00060
?_fat_get_file_size                                     cstackBANK0   00095
?_i2c_adc_read                                          cstackBANK0   00065
?_strlen                                                cstackBANK0   00060
?_strncmp                                               cstackBANK0   00060
?i2_ExternalFlash_MediaInitialize                       cstackCOMRAM  0002E
?i2_USBTransferOnePacket                                cstackCOMRAM  0002E
ExternalFlash_CapacityRead@config                       cstackBANK0   00060
ExternalFlash_MediaDetect@config                        cstackBANK0   00060
ExternalFlash_MediaInitialize@config                    cstackBANK0   00060
ExternalFlash_SectorRead@buffer                         cstackBANK0   00091
ExternalFlash_SectorRead@config                         cstackBANK0   0008B
ExternalFlash_SectorRead@page                           cstackBANK0   00093
ExternalFlash_SectorRead@sector_addr                    cstackBANK0   0008D
ExternalFlash_SectorSizeRead@config                     cstackBANK0   00060
ExternalFlash_SectorWrite@allowWriteToZero              cstackBANK0   0008C
ExternalFlash_SectorWrite@buffer                        cstackBANK0   0008A
ExternalFlash_SectorWrite@config                        cstackBANK0   00084
ExternalFlash_SectorWrite@page                          cstackBANK0   0008D
ExternalFlash_SectorWrite@sector_addr                   cstackBANK0   00086
ExternalFlash_WriteProtectStateGet@config               cstackBANK0   00060
MSDCheckForErrorCases@DeviceBytes                       cstackBANK0   0006A
MSDCheckForErrorCases@DeviceNoData                      cstackBANK0   0006F
MSDCheckForErrorCases@HostMoreDataThanDevice            cstackBANK0   0006E
MSDCheckForErrorCases@MSDErrorCase                      cstackBANK0   00070
MSDComputeDeviceInAndResidue@DiExpected                 cstackBANK0   00060
MSDErrorHandler@ErrorCase                               cstackBANK0   00068
MSDErrorHandler@OldMSD_State                            cstackBANK0   00069
MSDProcessCommandMediaPresent@NumBytesInPacket          cstackBANK0   0009D
MSDProcessCommandMediaPresent@capacity                  cstackBANK0   000A2
MSDProcessCommandMediaPresent@i                         cstackBANK0   000A6
MSDProcessCommandMediaPresent@sectorSize                cstackBANK0   0009E
MSDTasks@i                                              cstackBANK0   000B1
MSDTransferTerminated@handle                            cstackCOMRAM  00039
SYSTEM_Initialize@pll_startup_counter                   cstackBANK0   00061
SYSTEM_Initialize@pll_startup_counter_3409              cstackBANK0   00063
SYSTEM_Initialize@state                                 cstackBANK0   00060
USBConfigureEndpoint@EPNum                              cstackCOMRAM  00033
USBConfigureEndpoint@direction                          cstackCOMRAM  0002E
USBConfigureEndpoint@handle                             cstackCOMRAM  00034
USBCtrlTrfInHandler@lastDTS                             cstackCOMRAM  0002F
USBCtrlTrfRxService@byteToRead                          cstackCOMRAM  0002F
USBCtrlTrfRxService@i                                   cstackCOMRAM  0002E
USBCtrlTrfTxService@byteToSend                          cstackCOMRAM  0002E
USBDeviceInit@i                                         cstackBANK0   00068
USBDeviceTasks@i                                        cstackCOMRAM  0004C
USBEnableEndpoint@ep                                    cstackCOMRAM  00039
USBEnableEndpoint@options                               cstackCOMRAM  00036
USBEnableEndpoint@p                                     cstackCOMRAM  00037
USBStallEndpoint@dir                                    cstackBANK0   00060
USBStallEndpoint@ep                                     cstackBANK0   00065
USBStallEndpoint@p                                      cstackBANK0   00066
USBStdFeatureReqHandler@current_ep_data                 cstackCOMRAM  00048
USBStdFeatureReqHandler@p                               cstackCOMRAM  00049
USBStdFeatureReqHandler@pUEP                            cstackCOMRAM  00046
USBStdGetStatusHandler@p                                cstackCOMRAM  0002F
USBStdSetCfgHandler@i                                   cstackCOMRAM  00045
USBTransferOnePacket@data                               cstackBANK0   00061
USBTransferOnePacket@dir                                cstackBANK0   00060
USBTransferOnePacket@ep                                 cstackBANK0   00068
USBTransferOnePacket@handle                             cstackBANK0   00069
USBTransferOnePacket@len                                cstackBANK0   00063
USER_USB_CALLBACK_EVENT_HANDLER@event                   cstackCOMRAM  0003D
USER_USB_CALLBACK_EVENT_HANDLER@pdata                   cstackCOMRAM  0003F
USER_USB_CALLBACK_EVENT_HANDLER@size                    cstackCOMRAM  00041
_ADCON0bits                                             (abs)         00FC2
_ADCON1bits                                             (abs)         00FC1
_ADRESH                                                 (abs)         00FC4
_ADRESL                                                 (abs)         00FC3
_ANCON0bits                                             (abs)         00F48
_ANCON1bits                                             (abs)         00F49
_APP_DeviceCustomHIDInitialize                          text297       18574
_APP_DeviceCustomHIDTasks                               text125       15DB4
_APP_DeviceMSDInitialize                                text292       19026
_APP_DeviceMSDTasks                                     text106       18F94
_BDT                                                    (abs)         00D00
_BothEP0OutUOWNsSet                                     bssBANK1      001FC
_CCP1CON                                                (abs)         00FBA
_CCP1CONbits                                            (abs)         00FBA
_CCPR1L                                                 (abs)         00FBB
_CCPTMRS0bits                                           (abs)         00F52
_CtrlTrfData                                            (abs)         00D38
_DMABCH                                                 (abs)         00F66
_DMABCL                                                 (abs)         00F67
_DMACON1bits                                            (abs)         00F88
_DMACON2bits                                            (abs)         00F86
_EECON2                                                 (abs)         00FA7
_ExternalFlash_CapacityRead                             text122       18F80
_ExternalFlash_MediaDetect                              text124       190DA
_ExternalFlash_MediaDetect$intlevel0                    text124       190E0
_ExternalFlash_MediaInitialize                          text123       18C7C
_ExternalFlash_MediaInitialize$intlevel0                text123       18C82
_ExternalFlash_SectorRead                               text119       184D8
_ExternalFlash_SectorSizeRead                           text121       190B0
_ExternalFlash_SectorWrite                              text113       184A4
_ExternalFlash_WriteProtectStateGet                     text112       19110
_INTCON2bits                                            (abs)         00FF1
_INTCON3bits                                            (abs)         00FF0
_INTCONbits                                             (abs)         00FF2
_IPR2bits                                               (abs)         00FA2
_LATAbits                                               (abs)         00F89
_LATBbits                                               (abs)         00F8A
_LATCbits                                               (abs)         00F8B
_LATDbits                                               (abs)         00F8C
_LATEbits                                               (abs)         00F8D
_LBA                                                    bssBANK1      001E4
_LUN                                                    dataBANK2     002D4
_MSBBufferIndex                                         bssBANK2      002C3
_MSDCBWValid                                            bssBANK1      001F3
_MSDCheckForErrorCases                                  text115       13EAC
_MSDCommandState                                        bssCOMRAM     00023
_MSDComputeDeviceInAndResidue                           text120       15BAA
_MSDErrorHandler                                        text116       13062
_MSDHostNoData                                          bssCOMRAM     00021
_MSDProcessCommand                                      text108       12AA0
_MSDProcessCommandMediaAbsent                           text109       1758E
_MSDProcessCommandMediaPresent                          text110       0DB4A
_MSDProcessCommandMediaPresent$2765                     cstackBANK0   0009B
_MSDReadHandler                                         text114       10EB0
_MSDReadState                                           bssBANK1      001F6
_MSDRetryAttempt                                        bssBANK1      001F5
_MSDTasks                                               text107       0FBAE
_MSDTasks$2747                                          cstackBANK0   000AD
_MSDTasks$2748                                          cstackBANK0   000AF
_MSDTransferTerminated                                  text290       17BE0
_MSDTransferTerminated$2782                             cstackCOMRAM  0003B
_MSDWriteHandler                                        text111       0EBFE
_MSDWriteState                                          bssCOMRAM     00022
_MSD_State                                              bssCOMRAM     00024
_ODCON3bits                                             (abs)         00F40
_OSCCON                                                 (abs)         00FD3
_OSCTUNEbits                                            (abs)         00F9B
_PIE2bits                                               (abs)         00FA0
_PIR1bits                                               (abs)         00F9E
_PIR2bits                                               (abs)         00FA1
_PIR3bits                                               (abs)         00FA4
_PORTBbits                                              (abs)         00F81
_PORTDbits                                              (abs)         00F83
_PPSCONbits                                             (abs)         00EBF
_PR2                                                    (abs)         00FCB
_RCONbits                                               (abs)         00FD0
_RPINR1                                                 (abs)         00EE1
_RPINR2                                                 (abs)         00EE2
_RPINR21                                                (abs)         00EFC
_RPINR22                                                (abs)         00EFD
_RPINR23                                                (abs)         00EFE
_RPINR3                                                 (abs)         00EE3
_RPOR21                                                 (abs)         00ED5
_RPOR22                                                 (abs)         00ED6
_RPOR23                                                 (abs)         00ED7
_RPOR5                                                  (abs)         00EC5
_RPOR6                                                  (abs)         00EC6
_RTCCAL                                                 (abs)         00F3E
_RTCCFGbits                                             (abs)         00F3F
_RTCVALH                                                (abs)         00F3B
_RTCVALL                                                (abs)         00F3A
_RXADDRH                                                (abs)         00F68
_RXADDRL                                                (abs)         00F69
_ReceivedDataBuffer                                     bssBANK4      004C0
_RemoteWakeup                                           bssCOMRAM     00028
_ResetSenseData                                         text118       1746A
_SSP1ADD                                                (abs)         00FC8
_SSP1BUF                                                (abs)         00FC9
[...]
		_i2c_adc_start 		CODE           	183C4	0000	59
		__i2c_read     		CODE           	1650C	0000	149
		_i2c_eeprom_tasks		CODE           	1704C	0000	113
		_i2c_display_write_fixed		CODE           	177BC	0000	91
		__i2c_not_acknowledge		CODE           	190BC	0000	11
		__i2c_get      		CODE           	190C6	0000	11
		__i2c_wait_idle		CODE           	17406	0000	101
		_i2c_display_send_init_sequence		CODE           	1875C	0000	47
		__write_calibration		CODE           	165A0	0000	149
		_i2c_digipot_reset_off		CODE           	18A6C	0000	39
		__i2c_send     		CODE           	190E4	0000	11
		_i2c_eeprom_read		CODE           	17CDE	0000	83
		_i2c_set_frequency		CODE           	1869C	0000	49
		_schedule_eeprom_write_task		CODE           	17F6A	0000	81
		_i2c_digipot_reset_on		CODE           	18A46	0000	39
		__ic2_display_set_address		CODE           	188C6	0000	45
		_i2c_eeprom_read_calibration		CODE           	12F44	0000	287
		__i2c_open_1   		CODE           	18E50	0000	25
		__i2c_stop     		CODE           	190EE	0000	9
		_i2c_digipot_backlight		CODE           	1886E	0000	45
		__i2c_write    		CODE           	17ECA	0000	81
		__i2c_start    		CODE           	190F6	0000	9
		_i2c_init      		CODE           	19098	0000	13
		_get_next_eeprom_write_task		CODE           	1889A	0000	45
		__i2c_acknowledge		CODE           	190D0	0000	11
		_i2c_adc_read  		CODE           	17D30	0000	83
		_i2c_display_cursor		CODE           	18976	0000	43

i2c.c estimated size: 2823

buck.c
		__buck_prepare 		CODE           	173A2	0000	101
		__buck_set_sync_async		CODE           	16F64	0000	117
		__buck_operate_local		CODE           	CAD2	0000	1139
		__buck_pin_init		CODE           	1860C	0000	49
		_buck_init     		CODE           	19036	0000	15
		__buck_initial_dutycycle		CODE           	15A3C	0000	187
		_buck_get_mode 		CODE           	19118	0000	5
		__buck_operate_remote		CODE           	1436A	0000	237
		_buck_remote_change_dutycycle		CODE           	180E8	0000	75
		_buck_remote_set_enable		CODE           	18D98	0000	29
		_buck_operate  		CODE           	1797E	0000	89
		_buck_remote_get_status		CODE           	187E6	0000	47
		_buck_remote_set_on		CODE           	18F28	0000	25
		_buck_remote_set_synchronous		CODE           	18F10	0000	25
		_buck_get_dutycycle		CODE           	1910A	0000	7
		__buck_set_dutycycle		CODE           	17196	0000	107
		__buck_stop    		CODE           	188F2	0000	45
		__buck_start   		CODE           	15676	0000	199
		_buck_remote_get_dutycycle		CODE           	19114	0000	5
		_buck_remote_set_dutycycle		CODE           	18B04	0000	37
		__buck_timer2_init		CODE           	18E68	0000	25

buck.c estimated size: 2565

app_device_msd.c
		_APP_DeviceMSDInitialize		CODE           	19026	0000	17
		_APP_DeviceMSDTasks		CODE           	18F94	0000	19

app_device_msd.c estimated size: 36

C:\Program Files (x86)\Microchip\xc8\v2.00\pic\sources\c90\common\itoa.c
		_itoa          		CODE           	181C0	0000	69
		_utoa          		CODE           	15D0A	0000	171

C:\Program Files (x86)\Microchip\xc8\v2.00\pic\sources\c90\common\itoa.c estimated size: 240

api.c
		__parse_calibration		CODE           	1127E	0000	465
		__fill_buffer_get_status		CODE           	CF44	0000	1097
		__parse_file_modify		CODE           	F448	0000	635
		__parse_settings_spi_frequency		CODE           	151C8	0000	201
		__parse_sector_to_buffer		CODE           	11940	0000	371
		_api_prepare   		CODE           	11C22	0000	361
		_api_parse     		CODE           	11AB2	0000	369
		__fill_buffer_read_buffer		CODE           	14A7C	0000	217
		__parse_buffer_to_sector		CODE           	11EF0	0000	359
		__parse_command_long		CODE           	D38C	0000	1021
		__parse_settings_i2c_frequency		CODE           	154E8	0000	201
		__parse_format_drive		CODE           	15C5C	0000	175
		__parse_settings_spi_mode		CODE           	15100	0000	201
		__parse_settings_i2c_slaveModeSlaveAddress		CODE           	15290	0000	201
		__parse_file_copy		CODE           	13ABE	0000	255
		__parse_settings_spi_polarity		CODE           	15038	0000	201
		__parse_write_buffer		CODE           	12056	0000	347
		__fill_buffer_get_display		CODE           	16182	0000	153
		__fill_buffer_get_display1		CODE           	17B34	0000	87
		__fill_buffer_read_file		CODE           	10AAE	0000	517
		__fill_buffer_find_file		CODE           	1686E	0000	135
		__parse_file_rename		CODE           	139C0	0000	255
		__parse_file_append		CODE           	11D8A	0000	359
		__parse_settings_i2c_mode		CODE           	15358	0000	201
		__fill_buffer_get_calibration1		CODE           	1634A	0000	151
		__fill_buffer_get_calibration2		CODE           	16FD8	0000	117
		__parse_file_create		CODE           	121B0	0000	345
		__parse_file_delete		CODE           	1453E	0000	231
		__parse_command_short		CODE           	1418C	0000	241
		__fill_buffer_get_file_details		CODE           	17ADE	0000	87
		__parse_settings_i2c_masterModeSlaveAddress		CODE           	15420	0000	201
		__parse_file_resize		CODE           	108A8	0000	519

api.c estimated size: 10276

C:\Program Files (x86)\Microchip\xc8\v2.00\pic\sources\c90\common\__lldiv.c
		___lldiv       		CODE           	1697A	0000	133

C:\Program Files (x86)\Microchip\xc8\v2.00\pic\sources\c90\common\__lldiv.c estimated size: 133

adc.c
		_adc_calculate_temperature		CODE           	13FA4	0000	247
		_adc_calibrate 		CODE           	190A4	0000	13
		_adc_read      		CODE           	167E8	0000	135
		_adc_init      		CODE           	18D7C	0000	29

adc.c estimated size: 424

C:\Program Files (x86)\Microchip\xc8\v2.00\pic\sources\c90\common\lwdiv.c
		___lwdiv       		CODE           	17C36	0000	85

C:\Program Files (x86)\Microchip\xc8\v2.00\pic\sources\c90\common\lwdiv.c estimated size: 85

ui.c
		_ui_get_status 		CODE           	19104	0000	7
		_ui_run        		CODE           	13DB4	0000	249
		_ui_init       		CODE           	18F6C	0000	21
		__ui_encoder   		CODE           	DF04	0000	917

ui.c estimated size: 1194

C:\Program Files (x86)\Microchip\xc8\v2.00\pic\sources\c90\common\fltol.c
		___fltol       		CODE           	147E8	0000	223

C:\Program Files (x86)\Microchip\xc8\v2.00\pic\sources\c90\common\fltol.c estimated size: 223

C:\Program Files (x86)\Microchip\xc8\v2.00\pic\sources\c90\common\Umul32.c
		___lmul        		CODE           	179D6	0000	89

C:\Program Files (x86)\Microchip\xc8\v2.00\pic\sources\c90\common\Umul32.c estimated size: 89

spi.c
		_spi_set_configuration		CODE           	1317A	0000	271
		_spi_init      		CODE           	1828C	0000	65
		__spi_init     		CODE           	183FE	0000	57
		_spi_tx        		CODE           	17924	0000	91
		_spi_tx_rx     		CODE           	1621A	0000	153
		_spi_tx_tx     		CODE           	166C8	0000	145

spi.c estimated size: 782

app_device_custom_hid.c
		_APP_DeviceCustomHIDTasks		CODE           	15DB4	0000	169
		_APP_DeviceCustomHIDInitialize		CODE           	18574	0000	53

app_device_custom_hid.c estimated size: 222

shared
		i2_USBStallEndpoint		CODE           	136B4	0000	263
		_configDescriptor1		MEDIUMCONST    	C347	0000	65
		__display_usb@F7303		MEDIUMCONST    	C23E	0000	17
		__display_charger@F7323		MEDIUMCONST    	C1A3	0000	19
		_inq_resp      		MEDIUMCONST    	C3E9	0000	37
		_USB_CD_Ptr    		MEDIUMCONST    	C344	0000	3
		__display_inout@F7254		MEDIUMCONST    	C1EB	0000	19
		_sd001         		MEDIUMCONST    	C387	0000	53
		__display_startup@F7248		MEDIUMCONST    	C346	0000	2
		__display_usb@F7305		MEDIUMCONST    	C22E	0000	17
		__display_charger@F7329		MEDIUMCONST    	C322	0000	9
		i2_ExternalFlash_MediaDetect		CODE           	1911C	0000	5
		__display_usb@F7307		MEDIUMCONST    	C1FD	0000	18
		__display_temperature@F7362		MEDIUMCONST    	C0DF	0000	21
		__display_temperature@F7364		MEDIUMCONST    	C2F1	0000	12
		__display_temperature@F7366		MEDIUMCONST    	C2C1	0000	13
		__display_temperature@F7368		MEDIUMCONST    	C2B5	0000	13
		__display_charger@F7333		MEDIUMCONST    	C20E	0000	17
		__display_inout@F7256		MEDIUMCONST    	C1D9	0000	19
		_sd002         		MEDIUMCONST    	C3BB	0000	47
		__display_outputs@F7311		MEDIUMCONST    	C28B	0000	15
		__display_time@F7270		MEDIUMCONST    	C32A	0000	9
		__display_time@F7280		MEDIUMCONST    	C1C7	0000	19
		i2_USBDeviceInit		CODE           	12454	0000	327
		i2_ResetSenseData		CODE           	174CC	0000	99
		__display_outputs@F7317		MEDIUMCONST    	C0B5	0000	22
		__display_time@F7290		MEDIUMCONST    	C24E	0000	17
		__display_charger@F7321		MEDIUMCONST    	C0A0	0000	22
		__display_time@F7272		MEDIUMCONST    	C2FC	0000	11
		__display_startup@F7246		MEDIUMCONST    	C319	0000	10
		__display_time@F7282		MEDIUMCONST    	C25E	0000	17
		__display_inout@F7258		MEDIUMCONST    	C341	0000	4
		_sd003         		MEDIUMCONST    	C42A	0000	27
		__display_charger@F7327		MEDIUMCONST    	C33A	0000	8
		__display_time@F7264		MEDIUMCONST    	C299	0000	15
		__display_time@F7274		MEDIUMCONST    	C2E5	0000	13
		__display_time@F7284		MEDIUMCONST    	C1B5	0000	19
		__display_startup@F7250		MEDIUMCONST    	C26E	0000	16
		__initialization		CODE           	155B0	0000	189
		__display_time@F7266		MEDIUMCONST    	C310	0000	10
		__display_charger@F7331		MEDIUMCONST    	C2CD	0000	13
		__display_time@F7276		MEDIUMCONST    	C2D9	0000	13
		_device_dsc    		MEDIUMCONST    	C444	0000	19
		i2_ExternalFlash_MediaInitialize		CODE           	18E36	0000	27
		__display_time@F7286		MEDIUMCONST    	C12F	0000	21
		__display_charger@F7337		MEDIUMCONST    	C0F3	0000	21
		__display_time@F7268		MEDIUMCONST    	C306	0000	11
		__display_time@F7278		MEDIUMCONST    	C143	0000	21
		__display_outputs@F7315		MEDIUMCONST    	C0CA	0000	22
		__display_time@F7288		MEDIUMCONST    	C11B	0000	21
		_flash_command_pagesize_512		MEDIUMCONST    	C45A	0000	5
		_flash_command_pagesize_528		MEDIUMCONST    	C456	0000	5
		__display_startup@F7244		MEDIUMCONST    	C190	0000	20
		__display_charger@F7325		MEDIUMCONST    	C17D	0000	20
		__display_inout@F7260		MEDIUMCONST    	C2A7	0000	15
		i2_SYSTEM_Initialize		CODE           	17C8A	0000	85
		_USB_SD_Ptr    		MEDIUMCONST    	C332	0000	9
		_hid_rpt01     		MEDIUMCONST    	C40D	0000	30
		i2_memset      		CODE           	1891E	0000	45
		_sd000         		MEDIUMCONST    	C45E	0000	5
		__display_charger@F7335		MEDIUMCONST    	C08B	0000	22
		i2_memcpy      		CODE           	17760	0000	93
		i2_USBTransferOnePacket		CODE           	138BE	0000	259
		__display_outputs@F7313		MEDIUMCONST    	C21E	0000	17
		__display_efficiency@F7342		MEDIUMCONST    	C16A	0000	20
		__display_efficiency@F7344		MEDIUMCONST    	C157	0000	20
		__display_efficiency@F7346		MEDIUMCONST    	C27D	0000	15
		__display_usb@F7301		MEDIUMCONST    	C107	0000	21

shared estimated size: 2433

flash.c
		__flash_copy_page_to_buffer		CODE           	178CA	0000	91
		_flash_write_to_buffer		CODE           	186CC	0000	49
		__flash_wakeup 		CODE           	17E78	0000	83
		_flash_partial_write		CODE           	16EEC	0000	121
		_flash_init    		CODE           	18DCE	0000	27
		_flash_sector_read		CODE           	1850C	0000	53
		_flash_partial_read		CODE           	185DA	0000	51
		__flash_is_busy		CODE           	18C9E	0000	35
		__flash_buffer_read		CODE           	17D82	0000	83
		__flash_write_to_buffer		CODE           	17E26	0000	83
		__flash_get_status		CODE           	18540	0000	53
		__flash_set_page_size		CODE           	170BC	0000	111
		__flash_write_page_from_buffer		CODE           	17870	0000	91
		__flash_compare_page_to_buffer		CODE           	16C88	0000	125
		__flash_partial_read		CODE           	16E72	0000	123
		_flash_sector_write		CODE           	176A8	0000	93
		_flash_copy_page_to_buffer		CODE           	18D02	0000	33
		_flash_read_from_buffer		CODE           	1866C	0000	49

flash.c estimated size: 1354

C:\Program Files (x86)\Microchip\xc8\v2.00\pic\sources\c90\common\xxtofl.c
		___xxtofl      		CODE           	1259A	0000	325

C:\Program Files (x86)\Microchip\xc8\v2.00\pic\sources\c90\common\xxtofl.c estimated size: 325

os.c
		_system_init   		CODE           	137BA	0000	261
		_reboot        		CODE           	19120	0000	3
		_system_output_on		CODE           	17FBA	0000	79
		_system_output_off		CODE           	17B8A	0000	87
		_system_encoder_enable		CODE           	18FA6	0000	17
		_system_output_is_on		CODE           	18DE8	0000	27
		__system_encoder_init		CODE           	1830C	0000	63
		_system_calculate_output_voltage		CODE           	14624	0000	227
		_system_calculate_input_voltage		CODE           	14706	0000	227
		_system_calculate_input_current		CODE           	12E20	0000	293
		_system_calculate_output_current		CODE           	12CFC	0000	293
		_system_encoder_disable		CODE           	190FE	0000	7
		_tmr_isr       		CODE           	163E0	0000	151
		__system_timer0_init		CODE           	182CC	0000	65
		_system_output_toggle		CODE           	18A92	0000	39

os.c estimated size: 1839

usb_device.c
		_USBCtrlTrfInHandler		CODE           	158C0	0000	193
		_USBTransferOnePacket		CODE           	135AE	0000	263
		_USBDeviceAttach		CODE           	185A8	0000	51
		_USBStdGetDscHandler		CODE           	12BD0	0000	301
		_USBCtrlEPAllowDataStage		CODE           	162B2	0000	153
		_USBStdFeatureReqHandler		CODE           	F6C2	0000	633
		_USBCtrlEPAllowStatusStage		CODE           	1573C	0000	197
		_USBCtrlTrfSetupHandler		CODE           	16758	0000	145
		_USBCtrlTrfOutHandler		CODE           	1764A	0000	95
		_USBCtrlEPServiceComplete		CODE           	13CBA	0000	251
		_USBSuspend    		CODE           	1872C	0000	49
		_USBStdSetCfgHandler		CODE           	148C6	0000	221
		_USBStdGetStatusHandler		CODE           	160E6	0000	157
		_USBWakeFromSuspend		CODE           	18436	0000	57
		_USBStallEndpoint		CODE           	134A4	0000	267
		_USBCtrlTrfRxService		CODE           	13396	0000	271
		_USBCtrlTrfTxService		CODE           	14DCC	0000	209
		_USBEnableEndpoint		CODE           	18388	0000	61
		_USBConfigureEndpoint		CODE           	16634	0000	149
		_USBDeviceInit 		CODE           	12308	0000	333
		_USBIncrement1msInternalTimers		CODE           	18CC0	0000	35
		_USBCtrlEPService		CODE           	16476	0000	151
		_USBStallHandler		CODE           	18248	0000	69
		_USBDeviceTasks		CODE           	126DE	0000	325
		_USBCheckStdRequest		CODE           	14B54	0000	217

usb_device.c estimated size: 4853

C:\Program Files (x86)\Microchip\xc8\v2.00\pic\sources\c90\common\strlen.c
		_strlen        		CODE           	1834A	0000	63

C:\Program Files (x86)\Microchip\xc8\v2.00\pic\sources\c90\common\strlen.c estimated size: 63

display.c
		__display_startup		CODE           	10CB2	0000	511
		__display_outputs		CODE           	10268	0000	547
		__display_clear		CODE           	18054	0000	75
		__display_inout		CODE           	11098	0000	487
		__display_itoa_u16		CODE           	15AF6	0000	181
		__display_temperature		CODE           	1144E	0000	457
		__display_efficiency		CODE           	E298	0000	843
		_display_update		CODE           	16D04	0000	123
		_display_prepare		CODE           	16048	0000	159
		_display_get_character		CODE           	18814	0000	47
		__display_usb  		CODE           	117AE	0000	403
		__display_itoa 		CODE           	106A2	0000	519
		__display_time 		CODE           	C492	0000	1601
		__display_charger		CODE           	E8F6	0000	777

display.c estimated size: 6730

usb_events.c
		_USER_USB_CALLBACK_EVENT_HANDLER		CODE           	168F4	0000	135

usb_events.c estimated size: 135

C:\Program Files (x86)\Microchip\xc8\v2.00\pic\sources\c90\common\aldiv.c
		___aldiv       		CODE           	14E9C	0000	207

C:\Program Files (x86)\Microchip\xc8\v2.00\pic\sources\c90\common\aldiv.c estimated size: 207

C:\Program Files (x86)\Microchip\xc8\v2.00\pic\sources\c90\common\memset.c
		_memset        		CODE           	1863C	0000	49

C:\Program Files (x86)\Microchip\xc8\v2.00\pic\sources\c90\common\memset.c estimated size: 49

main.c
		_main          		CODE           	E5E2	0000	789

main.c estimated size: 789

fat16.c
		__fat_sector_from_cluster		CODE           	18E02	0000	27
		__get_first_cluster		CODE           	17704	0000	93
		_fat_read_from_buffer		CODE           	18D22	0000	31
		__make_cluster_chain		CODE           	EED4	0000	727
		__get_data     		CODE           	189A0	0000	43
		__get_date     		CODE           	1733A	0000	105
		__get_time     		CODE           	17200	0000	107
		_fat_write_sector_from_buffer		CODE           	169FE	0000	133
		_fat_append_to_file		CODE           	15FA6	0000	163
		__root_is_available		CODE           	1712A	0000	109
		__find_nth_cluster		CODE           	15E5C	0000	167
		_fat_delete_file		CODE           	17DD4	0000	83
		__read_fat     		CODE           	17A86	0000	89
		__data_sector_from_cluster		CODE           	19016	0000	17
		_fat_copy_sector_to_buffer		CODE           	15800	0000	193
		__fat_offset_from_cluster		CODE           	18E1C	0000	27
		__cluster_from_sector_and_offset		CODE           	18A1E	0000	41
		__read_value_from_offset		CODE           	18132	0000	73
		__get_available_root_entry		CODE           	189CA	0000	43
		_fat_resize_file		CODE           	13BBC	0000	255
		__get_fbr      		CODE           	F93A	0000	629
		__get_root     		CODE           	11616	0000	409
		_fat_format    		CODE           	1048A	0000	537
		_fat_write_to_buffer		CODE           	18D40	0000	31
		__write_value_to_offset		CODE           	1846E	0000	55
		__write_root   		CODE           	18008	0000	77
		__get_available_offset_from_buffer		CODE           	175EC	0000	95
		_fat_create_file		CODE           	12964	0000	317
		_fat_modify_file		CODE           	FE04	0000	575
		__delete_root  		CODE           	17F1A	0000	81
		__get_available_cluster		CODE           	14F6A	0000	207
		__get_fat      		CODE           	17A2E	0000	89
		_fat_copy_file 		CODE           	1409A	0000	243
		_fat_read_from_file_fast		CODE           	10042	0000	551
		__get_mbr      		CODE           	14C2C	0000	209
		_fat_find_file 		CODE           	14456	0000	233
		_fat_get_file_information		CODE           	16D7E	0000	123
		_fat_read_from_file		CODE           	1427C	0000	239
		__offset_from_file_number		CODE           	189F4	0000	43
		_fat_get_file_size		CODE           	16DF8	0000	123
		__sector_from_file_number		CODE           	186FC	0000	49
		_fat_rename_file		CODE           	15F02	0000	165

fat16.c estimated size: 7606

external_flash.c
		_ExternalFlash_MediaInitialize		CODE           	18C7C	0000	35
		_ExternalFlash_WriteProtectStateGet		CODE           	19110	0000	5
		_ExternalFlash_MediaDetect		CODE           	190DA	0000	11
		_ExternalFlash_CapacityRead		CODE           	18F80	0000	21
		_ExternalFlash_SectorSizeRead		CODE           	190B0	0000	13
		_ExternalFlash_SectorWrite		CODE           	184A4	0000	53
		_ExternalFlash_SectorRead		CODE           	184D8	0000	53

external_flash.c estimated size: 191

system.c
		_SYS_InterruptHigh		CODE           	C008	0000	127
		_SYSTEM_Initialize		CODE           	17816	0000	91

system.c estimated size: 218

usb_device_msd.c
		_ResetSenseData		CODE           	1746A	0000	99
		_USBMSDInit    		CODE           	13288	0000	271
		_MSDWriteHandler		CODE           	EBFE	0000	727
		_MSDErrorHandler		CODE           	13062	0000	281
		_MSDProcessCommandMediaAbsent		CODE           	1758E	0000	95
		_MSDComputeDeviceInAndResidue		CODE           	15BAA	0000	179
		_MSDReadHandler		CODE           	10EB0	0000	489
		_MSDCheckForErrorCases		CODE           	13EAC	0000	249
		_MSDProcessCommand		CODE           	12AA0	0000	305
		_MSDTasks      		CODE           	FBAE	0000	599
		_MSDTransferTerminated		CODE           	17BE0	0000	87
		_MSDProcessCommandMediaPresent		CODE           	DB4A	0000	955
		_USBCheckMSDRequest		CODE           	15980	0000	189

usb_device_msd.c estimated size: 4525

