Microchip MPLAB XC8 Compiler V1.42 ()

Linker command line:

-W-3 --edf=C:\Program Files (x86)\Microchip\xc8\v1.42\dat\en_msgs.txt \
  --msgdisable=362,363,520,751,759 -cs \
  -h+dist/default/production\SolarCharger_RevE.production.sym \
  --cmf=dist/default/production\SolarCharger_RevE.production.cmf -z \
  -Q18F47J53 -oC:\Users\luke\AppData\Local\Temp\s5u0.2 \
  -Mdist/default/production/SolarCharger_RevE.production.map -E1 -ver=XC8 \
  -ASTACK=0A00h-0cffh -pstack=STACK -ACODE=08h-0199h,09000h-01FFF7h \
  -ACONST=08h-0199h,09000h-01FFF7h \
  -ASMALLCONST=09000h-090FFhx367,01FF00h-01FFF7h \
  -AMEDIUMCONST=09000h-0FFFFh,010F00h-01FFF7h -ACOMRAM=01h-05Fh \
  -AABS1=00h-0EAFh -ABIGRAM=01h-0EAFh \
  -ARAM=060h-0FFh,0100h-01FFhx13,0E00h-0EAFh -ABANK0=060h-0FFh \
  -ABANK1=0100h-01FFh -ABANK2=0200h-02FFh -ABANK3=0300h-03FFh \
  -ABANK4=0400h-04FFh -ABANK5=0500h-05FFh -ABANK6=0600h-06FFh \
  -ABANK7=0700h-07FFh -ABANK8=0800h-08FFh -ABANK9=0900h-09FFh \
  -ABANK10=0A00h-0AFFh -ABANK11=0B00h-0BFFh -ABANK12=0C00h-0CFFh \
  -ABANK13=0D00h-0DFFh -ABANK14=0E00h-0EAFh \
  -ASFR=0EB0h-0EFFh,0F00h-0F5Fh,0F60h-0FFFh \
  -preset_vec=00h,intcode=08h,intcodelo,powerup,init -pramtop=0F00h \
  -psmallconst=SMALLCONST -pmediumconst=MEDIUMCONST -pconst=CONST \
  -AFARRAM=00h-00h -ACONFIG=01FFF8h-01FFFFh -pconfig=CONFIG \
  -pjflash_buffer=01F800h \
  -prdata=COMRAM,nvrram=COMRAM,nvbit=COMRAM,rbss=COMRAM,rbit=COMRAM \
  -pfarbss=FARRAM,fardata=FARRAM,nvFARRAM=FARRAM \
  -pintsave_regs=BIGRAM,bigbss=BIGRAM,bigdata=BIGRAM -pbss=RAM \
  -pidata=CODE,irdata=CODE,ibigdata=CODE,ifardata=CODE -prparam=COMRAM \
  C:\Users\luke\AppData\Local\Temp\s5u0.obj \
  dist/default/production\SolarCharger_RevE.production.obj 

Object code version is 3.11

Machine type is 18F47J53

Call graph: (short form)




                Name                               Link     Load   Length Selector   Space Scale
C:\Users\luke\AppData\Local\Temp\s5u0.obj
                init                                 86       86        4        4       0
                reset_vec                             0        0        4        0       0
                config                            1FFF8    1FFF8        8    1FFF8       0
dist/default/production\SolarCharger_RevE.production.obj
                intcode                               8        8       7E        4       0
                temp                                 5B       5B        1        1       1
                mediumconst                        FC24     FC24      3DC     7E12       0
                text250                           173CE    173CE       D2     8000       0
                text249                           176E8    176E8       C0     8000       0
                text248                           17566    17566       C2     8000       0
                text247                           16318    16318      10C     8000       0
                text246                           19902    19902       5C     8000       0
                text245                           18390    18390       94     8000       0
                text244                           1A0B8    1A0B8       3C     D03E       0
                text243                           1683C    1683C      102     8000       0
                text242                           1A208    1A208       36     D03E       0
                text241                           1ABE2    1ABE2        4     D471       0
                text240                           1A88C    1A88C       1E     D03E       0
                text239                           1898A    1898A       86     8000       0
                text238                           15D9A    15D9A      11E     8000       0
                text237                           1AB38    1AB38       10     D471       0
                text236                           16736    16736      106     8000       0
                text235                           19B18    19B18       56     8000       0
                text234                           16F9C    16F9C       DA     8000       0
                text233                           17226    17226       D6     8000       0
                text232                           19B6E    19B6E       54     8000       0
                text231                           18904    18904       86     8000       0
                text230                           13B1C    13B1C      29C     8000       0
                text229                           15B38    15B38      132     8000       0
                text228                           17D70    17D70       AA     8000       0
                text227                           1A508    1A508       2C     D03E       0
                text226                           16DE6    16DE6       DC     8000       0
                text225                           16EC2    16EC2       DA     8000       0
                text224                           18134    18134       9A     8000       0
                text223                           16B24    16B24       F2     8000       0
                text222                           184B6    184B6       90     8000       0
                text221                           198A6    198A6       5C     8000       0
                text220                           182FA    182FA       96     8000       0
                text219                           1A7C8    1A7C8       26     D03E       0
                text218                           19EBE    19EBE       46     8000       0
                text217                           1A372    1A372       30     D03E       0
                text216                           1A1D2    1A1D2       36     D03E       0
                text215                           15120    15120      150     8000       0
                text214                           15504    15504      146     8000       0
                text213                           17FFC    17FFC       9E     8000       0
                text211                           158D2    158D2      134     8000       0
                text210                           193A8    193A8       68     8000       0
                text209                           17EBE    17EBE       A0     8000       0
                text208                           18C94    18C94       7A     8000       0
                text207                           1A07C    1A07C       3C     D03E       0
                text206                           1972C    1972C       62     8000       0
                text205                           196CA    196CA       62     8000       0
                text204                           1ABD8    1ABD8        6     D471       0
                text203                           1ABDE    1ABDE        4     D471       0
                text202                           1ABD2    1ABD2        6     D471       0
                text201                           1A340    1A340       32     D03E       0
                text200                           1AA96    1AA96       14     D471       0
                text199                           1AA82    1AA82       14     D471       0
                text198                           1AA6E    1AA6E       14     D471       0
                text197                           1AA5A    1AA5A       14     D471       0
                text196                           1AA46    1AA46       14     D471       0
                text195                           1AA32    1AA32       14     D471       0
                text194                           1ABCC    1ABCC        6     D471       0
                text193                           13880    13880      29C     8000       0
                text192                           19AC2    19AC2       56     8000       0
                text191                           153BA    153BA      14A     8000       0
                text190                           19668    19668       62     8000       0
                text189                           1A702    1A702       2A     D03E       0
                text188                           1A86E    1A86E       1E     D03E       0
                text187                           1A850    1A850       1E     D03E       0
                text186                           1A832    1A832       1E     D03E       0
                text185                           1A9F4    1A9F4       16     D471       0
                text184                           1A9DE    1A9DE       16     D471       0
                text183                           1A97E    1A97E       1A     D471       0
                text182                           1A964    1A964       1A     D471       0
                text181                           1A94A    1A94A       1A     D471       0
                text180                           1A930    1A930       1A     D471       0
                text179                           1A916    1A916       1A     D471       0
                text178                           1A8FC    1A8FC       1A     D471       0
                text177                           16C16    16C16       EC     8000       0
                text176                           1ABAC    1ABAC        A     D471       0
                text175                           1ABBE    1ABBE        8     D471       0
                text174                           1ABB6    1ABB6        8     D471       0
                text173                           18EEC    18EEC       76     8000       0
                text172                           199B8    199B8       5A     8000       0
                text171                           190B6    190B6       70     8000       0
                text170                           17CC4    17CC4       AC     8000       0
                text169                           19C66    19C66       52     8000       0
                text168                           19A6A    19A6A       58     8000       0
                text167                           19D06    19D06       4E     8000       0
                text166                           16D02    16D02       E4     8000       0
                text165                           11854    11854      40A     8000       0
                text164                           1ABA2    1ABA2        A     D471       0
                text163                           1A754    1A754       28     D03E       0
                text162                           1AA1E    1AA1E       14     D471       0
                text161                           1AB6E    1AB6E        C     D471       0
                text160                           172FC    172FC       D2     8000       0
                text159                           17A9C    17A9C       BC     8000       0
                text158                           19F44    19F44       40     8000       0
                text157                           1926C    1926C       6C     8000       0
                text156                           197EC    197EC       5E     8000       0
                text155                           1A7EE    1A7EE       24     D03E       0
                text154                           17E1A    17E1A       A4     8000       0
                text153                           1A6D8    1A6D8       2A     D03E       0
                text152                           1A164    1A164       38     D03E       0
                text151                           1887E    1887E       86     8000       0
                text150                           1578E    1578E      144     8000       0
                text149                           15A06    15A06      132     8000       0
                text148                           15C6A    15C6A      130     8000       0
                text147                           1422C    1422C      214     8000       0
                text146                           1809A    1809A       9A     8000       0
                text145                           18DFE    18DFE       78     8000       0
                text144                           17C10    17C10       B4     8000       0
                text143                           19476    19476       66     8000       0
                text142                           19A12    19A12       58     8000       0
                text141                           1A12C    1A12C       38     D03E       0
                text140                             196      196        4        4       0
                text139                           12A56    12A56      322     8000       0
                text138                           1100A    1100A      436     8000       0
                text137                           19410    19410       66     8000       0
                text136                           14D0C    14D0C      160     8000       0
                text135                           135CC    135CC      2B4     8000       0
                text134                           1AB16    1AB16       12     D471       0
                text133                           19340    19340       68     8000       0
                text132                           1A0F4    1A0F4       38     D03E       0
                text131                           1A2DA    1A2DA       34     D03E       0
                text130                           14B9E    14B9E      16E     8000       0
                text129                           18E76    18E76       76     8000       0
                text128                           15EB8    15EB8      11C     8000       0
                text127                           1AB62    1AB62        C     D471       0
                text126                           18546    18546       8E     8000       0
                text125                           179E0    179E0       BC     8000       0
                text124                           1714E    1714E       D8     8000       0
                text123                           18C18    18C18       7C     8000       0
                text122                           18F62    18F62       74     8000       0
                text121                           17076    17076       D8     8000       0
                text120                           1A4DC    1A4DC       2C     D03E       0
                text119                           106D8    106D8      4EE     8000       0
                text118                           19126    19126       6E     8000       0
                text117                           16630    16630      106     8000       0
                text116                           1978E    1978E       5E     8000       0
                text115                           18D86    18D86       78     8000       0
                text114                           19606    19606       62     8000       0
                text113                           17866    17866       BE     8000       0
                text112                           19E30    19E30       48     8000       0
                text111                           19D9E    19D9E       4A     8000       0
                text110                           13314    13314      2B8     8000       0
                text109                           12716    12716      340     8000       0
                text108                           19540    19540       64     8000       0
                text107                           15FD4    15FD4      11A     8000       0
                text106                              8A       8A      10C        4       0
                text105                           17F5E    17F5E       9E     8000       0
                text104                           1564A    1564A      144     8000       0
                text103                           12030    12030      380     8000       0
                text102                           14010    14010      21C     8000       0
                text101                           13DB8    13DB8      258     8000       0
                text100                           14440    14440      1FC     8000       0
                text99                            10000    10000      6D8     8000       0
                text98                            149E8    149E8      1B6     8000       0
                text97                            18770    18770       88     8000       0
                text96                            1A2A6    1A2A6       34     D03E       0
                text95                            1A272    1A272       34     D03E       0
                text94                            194DC    194DC       64     8000       0
                text93                            1865E    1865E       8A     8000       0
                text92                            1AB98    1AB98        A     D471       0
                text91                            1AB8E    1AB8E        A     D471       0
                text90                            1AB84    1AB84        A     D471       0
                text89                            1984A    1984A       5C     8000       0
                text88                            19D54    19D54       4A     8000       0
                text87                            17924    17924       BC     8000       0
                text86                            1A3FE    1A3FE       2E     D03E       0
                text85                            19046    19046       70     8000       0
                text84                            18A94    18A94       84     8000       0
                text83                            18A10    18A10       84     8000       0
                text82                            1A72C    1A72C       28     D03E       0
                text81                            1AB04    1AB04       12     D471       0
                text80                            1A8E2    1A8E2       1A     D471       0
                text79                            12D78    12D78      2DE     8000       0
                text78                            1AB7A    1AB7A        A     D471       0
                text77                            18424    18424       92     8000       0
                text76                            1995E    1995E       5A     8000       0
                text75                            19200    19200       6C     8000       0
                text74                            18264    18264       96     8000       0
                text73                            1A9C8    1A9C8       16     D471       0
                text72                            1AAF2    1AAF2       12     D471       0
                text71                            1AAE0    1AAE0       12     D471       0
                text70                            1AACE    1AACE       12     D471       0
                text69                            18B18    18B18       82     8000       0
                text68                            1AABC    1AABC       12     D471       0
                text67                            1AAAA    1AAAA       12     D471       0
                text66                            187F8    187F8       86     8000       0
                text65                            1A000    1A000       3E     8000       0
                text64                            18D0E    18D0E       78     8000       0
                text63                            18FD6    18FD6       70     8000       0
                text62                            19C14    19C14       52     8000       0
                text61                            19194    19194       6C     8000       0
                text60                            13056    13056      2BE     8000       0
                text59                            1A3D0    1A3D0       2E     D03E       0
                text58                            181CE    181CE       96     8000       0
                text57                            1693E    1693E       F4     8000       0
                text56                            17B58    17B58       B8     8000       0
                text55                            1463C    1463C      1F6     8000       0
                text54                            19E78    19E78       46     8000       0
                text53                            14832    14832      1B6     8000       0
                text52                            177A8    177A8       BE     8000       0
                text51                            1A3A2    1A3A2       2E     D03E       0
                text50                            11C5E    11C5E      3D2     8000       0
                text49                            185D4    185D4       8A     8000       0
                text48                            14FC6    14FC6      15A     8000       0
                text47                            1652A    1652A      106     8000       0
                text46                            14E6C    14E6C      15A     8000       0
                text45                            16424    16424      106     8000       0
                text44                            19DE8    19DE8       48     8000       0
                text43                            19F04    19F04       40     8000       0
                text42                            1A8AA    1A8AA       1C     D03E       0
                text41                            1A19C    1A19C       36     D03E       0
                text40                            1A9B0    1A9B0       18     D471       0
                text39                            1AB48    1AB48        E     D471       0
                text38                            186E8    186E8       88     8000       0
                text37                            19CB8    19CB8       4E     8000       0
                text36                            11440    11440      414     8000       0
                text35                            17628    17628       C0     8000       0
                text34                            195A4    195A4       62     8000       0
                text33                            15270    15270      14A     8000       0
                text32                            1A998    1A998       18     D471       0
                text31                            1AB56    1AB56        C     D471       0
                text30                            16A32    16A32       F2     8000       0
                text29                            19BC2    19BC2       52     8000       0
                text28                            1A812    1A812       20     D03E       0
                text27                            1AA0A    1AA0A       14     D471       0
                text26                            160EE    160EE      118     8000       0
                text25                            18B9A    18B9A       7E     8000       0
                text24                            1A7A2    1A7A2       26     D03E       0
                text23                            19FC2    19FC2       3E     8000       0
                text22                            1A4B0    1A4B0       2C     D03E       0
                text21                            1A6AE    1A6AE       2A     D03E       0
                text20                            1A684    1A684       2A     D03E       0
                text19                            1A65A    1A65A       2A     D03E       0
                text18                            1A630    1A630       2A     D03E       0
                text17                            1A606    1A606       2A     D03E       0
                text16                            19F84    19F84       3E     8000       0
                text15                            1A484    1A484       2C     D03E       0
                text14                            1A5DC    1A5DC       2A     D03E       0
                text13                            1A5B2    1A5B2       2A     D03E       0
                text12                            1A588    1A588       2A     D03E       0
                text11                            1A55E    1A55E       2A     D03E       0
                text10                            1A534    1A534       2A     D03E       0
                text9                             1A77C    1A77C       26     D03E       0
                text8                             10BC6    10BC6      444     8000       0
                text7                             1A23E    1A23E       34     D03E       0
                text6                             1A458    1A458       2C     D03E       0
                text5                             1A42C    1A42C       2C     D03E       0
                text4                             1A30E    1A30E       32     D03E       0
                text3                             1ABC6    1ABC6        6     D471       0
                text2                             1AB28    1AB28       10     D471       0
                text1                             16206    16206      112     8000       0
                text0                             123B0    123B0      366     8000       0
                cstackCOMRAM                         2E       2E       2D        1       1
                cstackBANK0                          60       60       77       60       1
                cstackBANK1                         100      100       D3      100       1
                bssBIGRAMll                         800      800      200      800       1
                dataBANK4                           400      400       68      400       1
                bssBANK4                            468      468       50      400       1
                dataBANK3                           3E4      3E4       1B      300       1
                bssBANK3                            300      300       E4      300       1
                dataBANK2                           2BB      2BB       3D      200       1
                bssBANK2                            200      200       BB      200       1
                bssBANK1                            1D3      1D3       2D      100       1
                bssBANK0                             D7       D7       11       60       1
                bssCOMRAM                             1        1       2D        1       1
                cinit                             174A0    174A0       C6     8000       0
                idataBANK4                        192D8    192D8       68     8000       0
                idataBANK3                        1A8C6    1A8C6       1B     D03E       0
                idataBANK2                        1A03E    1A03E       3D     8000       0

TOTAL           Name                               Link     Load   Length     Space
        CLASS   STACK          

        CLASS   CODE           
                intcode                               8        8       7E         0
                init                                 86       86        4         0
                reset_vec                             0        0        4         0
                text250                           173CE    173CE       D2         0
                text249                           176E8    176E8       C0         0
                text248                           17566    17566       C2         0
                text247                           16318    16318      10C         0
                text246                           19902    19902       5C         0
                text245                           18390    18390       94         0
                text244                           1A0B8    1A0B8       3C         0
                text243                           1683C    1683C      102         0
                text242                           1A208    1A208       36         0
                text241                           1ABE2    1ABE2        4         0
                text240                           1A88C    1A88C       1E         0
                text239                           1898A    1898A       86         0
                text238                           15D9A    15D9A      11E         0
                text237                           1AB38    1AB38       10         0
                text236                           16736    16736      106         0
                text235                           19B18    19B18       56         0
                text234                           16F9C    16F9C       DA         0
                text233                           17226    17226       D6         0
                text232                           19B6E    19B6E       54         0
                text231                           18904    18904       86         0
                text230                           13B1C    13B1C      29C         0
                text229                           15B38    15B38      132         0
                text228                           17D70    17D70       AA         0
                text227                           1A508    1A508       2C         0
                text226                           16DE6    16DE6       DC         0
                text225                           16EC2    16EC2       DA         0
                text224                           18134    18134       9A         0
                text223                           16B24    16B24       F2         0
                text222                           184B6    184B6       90         0
                text221                           198A6    198A6       5C         0
                text220                           182FA    182FA       96         0
                text219                           1A7C8    1A7C8       26         0
                text218                           19EBE    19EBE       46         0
                text217                           1A372    1A372       30         0
                text216                           1A1D2    1A1D2       36         0
                text215                           15120    15120      150         0
                text214                           15504    15504      146         0
                text213                           17FFC    17FFC       9E         0
                text211                           158D2    158D2      134         0
                text210                           193A8    193A8       68         0
                text209                           17EBE    17EBE       A0         0
                text208                           18C94    18C94       7A         0
                text207                           1A07C    1A07C       3C         0
                text206                           1972C    1972C       62         0
                text205                           196CA    196CA       62         0
                text204                           1ABD8    1ABD8        6         0
                text203                           1ABDE    1ABDE        4         0
                text202                           1ABD2    1ABD2        6         0
                text201                           1A340    1A340       32         0
                text200                           1AA96    1AA96       14         0
                text199                           1AA82    1AA82       14         0
                text198                           1AA6E    1AA6E       14         0
                text197                           1AA5A    1AA5A       14         0
                text196                           1AA46    1AA46       14         0
                text195                           1AA32    1AA32       14         0
                text194                           1ABCC    1ABCC        6         0
                text193                           13880    13880      29C         0
                text192                           19AC2    19AC2       56         0
                text191                           153BA    153BA      14A         0
                text190                           19668    19668       62         0
                text189                           1A702    1A702       2A         0
                text188                           1A86E    1A86E       1E         0
                text187                           1A850    1A850       1E         0
                text186                           1A832    1A832       1E         0
                text185                           1A9F4    1A9F4       16         0
                text184                           1A9DE    1A9DE       16         0
                text183                           1A97E    1A97E       1A         0
                text182                           1A964    1A964       1A         0
                text181                           1A94A    1A94A       1A         0
                text180                           1A930    1A930       1A         0
                text179                           1A916    1A916       1A         0
                text178                           1A8FC    1A8FC       1A         0
                text177                           16C16    16C16       EC         0
                text176                           1ABAC    1ABAC        A         0
                text175                           1ABBE    1ABBE        8         0
                text174                           1ABB6    1ABB6        8         0
                text173                           18EEC    18EEC       76         0
                text172                           199B8    199B8       5A         0
                text171                           190B6    190B6       70         0
                text170                           17CC4    17CC4       AC         0
                text169                           19C66    19C66       52         0
                text168                           19A6A    19A6A       58         0
                text167                           19D06    19D06       4E         0
                text166                           16D02    16D02       E4         0
                text165                           11854    11854      40A         0
                text164                           1ABA2    1ABA2        A         0
                text163                           1A754    1A754       28         0
                text162                           1AA1E    1AA1E       14         0
                text161                           1AB6E    1AB6E        C         0
                text160                           172FC    172FC       D2         0
                text159                           17A9C    17A9C       BC         0
                text158                           19F44    19F44       40         0
                text157                           1926C    1926C       6C         0
                text156                           197EC    197EC       5E         0
                text155                           1A7EE    1A7EE       24         0
                text154                           17E1A    17E1A       A4         0
                text153                           1A6D8    1A6D8       2A         0
                text152                           1A164    1A164       38         0
                text151                           1887E    1887E       86         0
                text150                           1578E    1578E      144         0
                text149                           15A06    15A06      132         0
                text148                           15C6A    15C6A      130         0
                text147                           1422C    1422C      214         0
                text146                           1809A    1809A       9A         0
                text145                           18DFE    18DFE       78         0
                text144                           17C10    17C10       B4         0
                text143                           19476    19476       66         0
                text142                           19A12    19A12       58         0
                text141                           1A12C    1A12C       38         0
                text140                             196      196        4         0
                text139                           12A56    12A56      322         0
                text138                           1100A    1100A      436         0
                text137                           19410    19410       66         0
                text136                           14D0C    14D0C      160         0
                text135                           135CC    135CC      2B4         0
                text134                           1AB16    1AB16       12         0
                text133                           19340    19340       68         0
                text132                           1A0F4    1A0F4       38         0
                text131                           1A2DA    1A2DA       34         0
                text130                           14B9E    14B9E      16E         0
                text129                           18E76    18E76       76         0
                text128                           15EB8    15EB8      11C         0
                text127                           1AB62    1AB62        C         0
                text126                           18546    18546       8E         0
                text125                           179E0    179E0       BC         0
                text124                           1714E    1714E       D8         0
                text123                           18C18    18C18       7C         0
                text122                           18F62    18F62       74         0
                text121                           17076    17076       D8         0
                text120                           1A4DC    1A4DC       2C         0
                text119                           106D8    106D8      4EE         0
                text118                           19126    19126       6E         0
                text117                           16630    16630      106         0
                text116                           1978E    1978E       5E         0
                text115                           18D86    18D86       78         0
                text114                           19606    19606       62         0
                text113                           17866    17866       BE         0
                text112                           19E30    19E30       48         0
                text111                           19D9E    19D9E       4A         0
                text110                           13314    13314      2B8         0
                text109                           12716    12716      340         0
                text108                           19540    19540       64         0
                text107                           15FD4    15FD4      11A         0
                text106                              8A       8A      10C         0
                text105                           17F5E    17F5E       9E         0
                text104                           1564A    1564A      144         0
                text103                           12030    12030      380         0
                text102                           14010    14010      21C         0
                text101                           13DB8    13DB8      258         0
                text100                           14440    14440      1FC         0
                text99                            10000    10000      6D8         0
                text98                            149E8    149E8      1B6         0
                text97                            18770    18770       88         0
                text96                            1A2A6    1A2A6       34         0
                text95                            1A272    1A272       34         0
                text94                            194DC    194DC       64         0
                text93                            1865E    1865E       8A         0
                text92                            1AB98    1AB98        A         0
                text91                            1AB8E    1AB8E        A         0
                text90                            1AB84    1AB84        A         0
                text89                            1984A    1984A       5C         0
                text88                            19D54    19D54       4A         0
                text87                            17924    17924       BC         0
                text86                            1A3FE    1A3FE       2E         0
                text85                            19046    19046       70         0
                text84                            18A94    18A94       84         0
                text83                            18A10    18A10       84         0
                text82                            1A72C    1A72C       28         0
                text81                            1AB04    1AB04       12         0
                text80                            1A8E2    1A8E2       1A         0
                text79                            12D78    12D78      2DE         0
                text78                            1AB7A    1AB7A        A         0
                text77                            18424    18424       92         0
                text76                            1995E    1995E       5A         0
                text75                            19200    19200       6C         0
                text74                            18264    18264       96         0
                text73                            1A9C8    1A9C8       16         0
                text72                            1AAF2    1AAF2       12         0
                text71                            1AAE0    1AAE0       12         0
                text70                            1AACE    1AACE       12         0
                text69                            18B18    18B18       82         0
                text68                            1AABC    1AABC       12         0
                text67                            1AAAA    1AAAA       12         0
                text66                            187F8    187F8       86         0
                text65                            1A000    1A000       3E         0
                text64                            18D0E    18D0E       78         0
                text63                            18FD6    18FD6       70         0
                text62                            19C14    19C14       52         0
                text61                            19194    19194       6C         0
                text60                            13056    13056      2BE         0
                text59                            1A3D0    1A3D0       2E         0
                text58                            181CE    181CE       96         0
                text57                            1693E    1693E       F4         0
                text56                            17B58    17B58       B8         0
                text55                            1463C    1463C      1F6         0
                text54                            19E78    19E78       46         0
                text53                            14832    14832      1B6         0
                text52                            177A8    177A8       BE         0
                text51                            1A3A2    1A3A2       2E         0
                text50                            11C5E    11C5E      3D2         0
                text49                            185D4    185D4       8A         0
                text48                            14FC6    14FC6      15A         0
                text47                            1652A    1652A      106         0
                text46                            14E6C    14E6C      15A         0
                text45                            16424    16424      106         0
                text44                            19DE8    19DE8       48         0
                text43                            19F04    19F04       40         0
                text42                            1A8AA    1A8AA       1C         0
                text41                            1A19C    1A19C       36         0
                text40                            1A9B0    1A9B0       18         0
                text39                            1AB48    1AB48        E         0
                text38                            186E8    186E8       88         0
                text37                            19CB8    19CB8       4E         0
                text36                            11440    11440      414         0
                text35                            17628    17628       C0         0
                text34                            195A4    195A4       62         0
                text33                            15270    15270      14A         0
                text32                            1A998    1A998       18         0
                text31                            1AB56    1AB56        C         0
                text30                            16A32    16A32       F2         0
                text29                            19BC2    19BC2       52         0
                text28                            1A812    1A812       20         0
                text27                            1AA0A    1AA0A       14         0
                text26                            160EE    160EE      118         0
                text25                            18B9A    18B9A       7E         0
                text24                            1A7A2    1A7A2       26         0
                text23                            19FC2    19FC2       3E         0
                text22                            1A4B0    1A4B0       2C         0
                text21                            1A6AE    1A6AE       2A         0
                text20                            1A684    1A684       2A         0
                text19                            1A65A    1A65A       2A         0
                text18                            1A630    1A630       2A         0
                text17                            1A606    1A606       2A         0
                text16                            19F84    19F84       3E         0
                text15                            1A484    1A484       2C         0
                text14                            1A5DC    1A5DC       2A         0
                text13                            1A5B2    1A5B2       2A         0
                text12                            1A588    1A588       2A         0
                text11                            1A55E    1A55E       2A         0
                text10                            1A534    1A534       2A         0
                text9                             1A77C    1A77C       26         0
                text8                             10BC6    10BC6      444         0
                text7                             1A23E    1A23E       34         0
                text6                             1A458    1A458       2C         0
                text5                             1A42C    1A42C       2C         0
                text4                             1A30E    1A30E       32         0
                text3                             1ABC6    1ABC6        6         0
                text2                             1AB28    1AB28       10         0
                text1                             16206    16206      112         0
                text0                             123B0    123B0      366         0
                cinit                             174A0    174A0       C6         0
                idataBANK4                        192D8    192D8       68         0
                idataBANK3                        1A8C6    1A8C6       1B         0
                idataBANK2                        1A03E    1A03E       3D         0

        CLASS   CONST          

        CLASS   SMALLCONST     

        CLASS   MEDIUMCONST    
                mediumconst                        FC24     FC24      3DC         0

        CLASS   COMRAM         
                temp                                 5B       5B        1         1
                cstackCOMRAM                         2E       2E       2D         1
                bssCOMRAM                             1        1       2D         1

        CLASS   ABS1           
                abs_s1                              600      600      200         1
                abs_s1                              D00      D00       5F         1
                abs_s1                              D80      D80        D         1

        CLASS   BIGRAM         
                bssBIGRAMll                         800      800      200         1

        CLASS   RAM            

        CLASS   BANK0          
                cstackBANK0                          60       60       77         1
                bssBANK0                             D7       D7       11         1

        CLASS   BANK1          
                cstackBANK1                         100      100       D3         1
                bssBANK1                            1D3      1D3       2D         1

        CLASS   BANK2          
                dataBANK2                           2BB      2BB       3D         1
                bssBANK2                            200      200       BB         1

        CLASS   BANK3          
                dataBANK3                           3E4      3E4       1B         1
                bssBANK3                            300      300       E4         1

        CLASS   BANK4          
                dataBANK4                           400      400       68         1
                bssBANK4                            468      468       50         1

        CLASS   BANK5          

        CLASS   BANK6          

        CLASS   BANK7          

        CLASS   BANK8          

        CLASS   BANK9          

        CLASS   BANK10         

        CLASS   BANK11         

        CLASS   BANK12         

        CLASS   BANK13         

        CLASS   BANK14         

        CLASS   SFR            

        CLASS   FARRAM         

        CLASS   CONFIG         
                config                            1FFF8    1FFF8        8         0

        CLASS   IDLOC          



SEGMENTS        Name                           Load    Length   Top    Selector   Space  Class

                reset_vec                      000000  000004  000004         0       0  CODE    
                bssCOMRAM                      000001  00005B  00005C         1       1  COMRAM  
                intcode                        000008  000192  00019A         4       0  CODE    
                cstackBANK0                    000060  000088  0000E8        60       1  BANK0   
                cstackBANK1                    000100  000100  000200       100       1  BANK1   
                bssBANK2                       000200  0000F8  0002F8       200       1  BANK2   
                bssBANK3                       000300  0000FF  0003FF       300       1  BANK3   
                dataBANK4                      000400  0000B8  0004B8       400       1  BANK4   
                bssBIGRAMll                    000800  000200  000A00       800       1  BIGRAM  
                mediumconst                    00FC24  0003DC  010000      7E12       0  MEDIUMCO
                text99                         010000  00A07B  01A07B      8000       0  CODE    
                text207                        01A07C  000865  01A8E1      D03E       0  CODE    
                text80                         01A8E2  000304  01ABE6      D471       0  CODE    
                config                         01FFF8  000008  020000     1FFF8       0  CONFIG  


UNUSED ADDRESS RANGES

        Name                Unused          Largest block    Delta
        BANK0            000E8-000FF              18
        BANK10           00A00-00AFF             100
        BANK11           00B00-00BFF             100
        BANK12           00C00-00CFF             100
        BANK13           00D5F-00D7F              21
                         00D8D-00DFF              73
        BANK14           00E00-00EAF              B0
        BANK2            002F8-002FF               8
        BANK3            003FF-003FF               1
        BANK4            004B8-004FF              48
        BANK5            00500-005FF             100
        BIGRAM           0005C-0005F               4
                         000E8-000FF              18
                         002F8-002FF               8
                         003FF-003FF               1
                         004B8-005FF             148
                         00A00-00CFF             300
                         00D5F-00D7F              21
                         00D8D-00EAF             123
        CODE             09000-0FC23            6C24
                         1A07B-1A07B               1
                         1A8E1-1A8E1               1
                         1ABE6-1FFF7            5412
        COMRAM           0005C-0005F               4
        CONST            09000-0FC23            6C24
                         1A07B-1A07B               1
                         1A8E1-1A8E1               1
                         1ABE6-1FFF7            5412
        MEDIUMCONST      09000-0FC23            6C24
                         1A07B-1A07B               1
                         1A8E1-1A8E1               1
                         1ABE6-1FFF7            5412
        RAM              000E8-000FF              18
                         002F8-002FF               8
                         003FF-003FF               1
                         004B8-005FF             100
                         00A00-00CFF             100
                         00D5F-00D7F              21
                         00D8D-00EAF              73
        SFR              00EB0-00FFF              60
        SMALLCONST       09000-0FC23             100
                         1A07B-1A07B               1
                         1A8E1-1A8E1               1
                         1ABE6-1FFF7             100
        STACK            00A00-00CFF             300

                                  Symbol Table

?_ExternalFlash_CapacityRead                   cstackBANK0   00060
?_ExternalFlash_MediaInitialize                cstackBANK0   00060
?_ExternalFlash_SectorSizeRead                 cstackBANK0   00060
?_USBTransferOnePacket                         cstackBANK0   00060
?___aldiv                                      cstackBANK0   00060
?___altoft                                     cstackBANK0   0006E
?___awdiv                                      cstackBANK0   00060
?___ftpack                                     cstackBANK0   00060
?___fttol                                      cstackBANK0   00060
?___lldiv                                      cstackBANK0   00060
?___lmul                                       cstackBANK0   00060
?___lwdiv                                      cstackBANK0   00060
?___lwmod                                      cstackBANK0   00060
?__flash_get_status                            cstackBANK0   0006C
?__get_date                                    cstackBANK0   00064
?__get_dateTime                                cstackBANK0   00064
?__get_empty_cluster                           cstackBANK0   00087
?__get_input_power                             cstackBANK0   0006E
?__get_output_power                            cstackBANK0   0006D
?__get_time                                    cstackBANK0   00064
?__read_fat                                    cstackBANK0   00087
?__sector_from_cluster                         cstackBANK0   00060
?_adc_calculate_temperature                    cstackBANK0   0006C
?_adc_read                                     cstackBANK0   00060
?_fat_get_empty_clusters                       cstackBANK0   00087
?_i2c_adc_read                                 cstackBANK0   00065
?_log_get_number_of_samples                    cstackBANK0   00060
?_strlen                                       cstackBANK0   00060
?_strncmp                                      cstackBANK0   00060
?i2_ExternalFlash_MediaInitialize              cstackCOMRAM  0002E
?i2_USBTransferOnePacket                       cstackCOMRAM  0002E
APP_DeviceCustomHIDTasks@idx                   cstackBANK0   00096
APP_DeviceCustomHIDTasks@return_value          cstackBANK0   00094
ExternalFlash_CapacityRead@config              cstackBANK0   00060
ExternalFlash_MediaDetect@config               cstackBANK0   00060
ExternalFlash_MediaInitialize@config           cstackBANK0   00060
ExternalFlash_SectorRead@buffer                cstackBANK0   00091
ExternalFlash_SectorRead@config                cstackBANK0   0008B
ExternalFlash_SectorRead@page                  cstackBANK0   00093
ExternalFlash_SectorRead@sector_addr           cstackBANK0   0008D
ExternalFlash_SectorSizeRead@config            cstackBANK0   00060
ExternalFlash_SectorWrite@allowWriteToZero     cstackBANK0   0008C
ExternalFlash_SectorWrite@buffer               cstackBANK0   0008A
ExternalFlash_SectorWrite@config               cstackBANK0   00084
ExternalFlash_SectorWrite@page                 cstackBANK0   0008D
ExternalFlash_SectorWrite@sector_addr          cstackBANK0   00086
ExternalFlash_WriteProtectStateGet@config      cstackBANK0   00060
MSDCheckForErrorCases@DeviceBytes              cstackBANK0   0006A
MSDCheckForErrorCases@DeviceNoData             cstackBANK0   0006F
MSDCheckForErrorCases@HostMoreDataThanDevice   cstackBANK0   0006E
MSDCheckForErrorCases@MSDErrorCase             cstackBANK0   00070
MSDComputeDeviceInAndResidue@DiExpected        cstackBANK0   00060
MSDErrorHandler@ErrorCase                      cstackBANK0   00068
MSDErrorHandler@OldMSD_State                   cstackBANK0   00069
MSDProcessCommandMediaPresent@NumBytesInPacket cstackBANK0   0009D
MSDProcessCommandMediaPresent@capacity         cstackBANK0   000A2
MSDProcessCommandMediaPresent@i                cstackBANK0   000A6
MSDProcessCommandMediaPresent@sectorSize       cstackBANK0   0009E
MSDTasks@i                                     cstackBANK0   000B1
MSDTransferTerminated@handle                   cstackCOMRAM  00039
SYSTEM_Initialize@pll_startup_counter          cstackBANK0   00061
SYSTEM_Initialize@pll_startup_counter_3284     cstackBANK0   00063
SYSTEM_Initialize@state                        cstackBANK0   00060
USBConfigureEndpoint@EPNum                     cstackCOMRAM  00033
USBConfigureEndpoint@direction                 cstackCOMRAM  0002E
USBConfigureEndpoint@handle                    cstackCOMRAM  00034
USBCtrlTrfInHandler@lastDTS                    cstackCOMRAM  0002F
USBCtrlTrfRxService@byteToRead                 cstackCOMRAM  0002F
USBCtrlTrfRxService@i                          cstackCOMRAM  0002E
USBCtrlTrfTxService@byteToSend                 cstackCOMRAM  0002E
USBDeviceInit@i                                cstackBANK0   00068
USBDeviceTasks@i                               cstackCOMRAM  0004C
USBEnableEndpoint@ep                           cstackCOMRAM  00039
USBEnableEndpoint@options                      cstackCOMRAM  00036
USBEnableEndpoint@p                            cstackCOMRAM  00037
USBStallEndpoint@dir                           cstackBANK0   00060
USBStallEndpoint@ep                            cstackBANK0   00065
USBStallEndpoint@p                             cstackBANK0   00066
USBStdFeatureReqHandler@current_ep_data        cstackCOMRAM  00048
USBStdFeatureReqHandler@p                      cstackCOMRAM  00049
USBStdFeatureReqHandler@pUEP                   cstackCOMRAM  00046
USBStdGetStatusHandler@p                       cstackCOMRAM  0002F
USBStdSetCfgHandler@i                          cstackCOMRAM  00045
USBTransferOnePacket@data                      cstackBANK0   00061
USBTransferOnePacket@dir                       cstackBANK0   00060
USBTransferOnePacket@ep                        cstackBANK0   00068
USBTransferOnePacket@handle                    cstackBANK0   00069
USBTransferOnePacket@len                       cstackBANK0   00063
USER_USB_CALLBACK_EVENT_HANDLER@event          cstackCOMRAM  0003D
USER_USB_CALLBACK_EVENT_HANDLER@pdata          cstackCOMRAM  0003F
USER_USB_CALLBACK_EVENT_HANDLER@size           cstackCOMRAM  00041
_ADCON0bits                                    (abs)         00FC2
_ADCON1bits                                    (abs)         00FC1
_ADRESH                                        (abs)         00FC4
_ADRESL                                        (abs)         00FC3
_ANCON0bits                                    (abs)         00F48
_ANCON1bits                                    (abs)         00F49
_APP_DeviceCustomHIDInitialize                 text242       1A208
_APP_DeviceCustomHIDTasks                      text165       11854
_APP_DeviceMSDInitialize                       text237       1AB38
_APP_DeviceMSDTasks                            text134       1AB16
_BDT                                           (abs)         00D00
_BothEP0OutUOWNsSet                            bssCOMRAM     00025
_CCP1CON                                       (abs)         00FBA
_CCP1CONbits                                   (abs)         00FBA
_CCPR1L                                        (abs)         00FBB
_CCPTMRS0bits                                  (abs)         00F52
_CtrlTrfData                                   (abs)         00D38
_DMABCH                                        (abs)         00F66
_DMABCL                                        (abs)         00F67
_DMACON1bits                                   (abs)         00F88
_DMACON2bits                                   (abs)         00F86
_EECON2                                        (abs)         00FA7
_ExternalFlash_CapacityRead                    text162       1AA1E
_ExternalFlash_MediaDetect                     text164       1ABA2
_ExternalFlash_MediaDetect$intlevel0           text164       1ABA8
_ExternalFlash_MediaInitialize                 text163       1A754
_ExternalFlash_MediaInitialize$intlevel0       text163       1A75A
_ExternalFlash_SectorRead                      text152       1A164
_ExternalFlash_SectorSizeRead                  text161       1AB6E
_ExternalFlash_SectorWrite                     text141       1A12C
_ExternalFlash_WriteProtectStateGet            text140       00196
_INTCON2bits                                   (abs)         00FF1
_INTCON3bits                                   (abs)         00FF0
_INTCONbits                                    (abs)         00FF2
_IPR2bits                                      (abs)         00FA2
_LATAbits                                      (abs)         00F89
_LATBbits                                      (abs)         00F8A
_LATCbits                                      (abs)         00F8B
_LATDbits                                      (abs)         00F8C
_LATEbits                                      (abs)         00F8D
_LBA                                           bssBANK1      001D9
_LUN                                           dataBANK2     002BB
_MSBBufferIndex                                bssBANK2      002B4
_MSDCBWValid                                   bssBANK1      001F5
_MSDCheckForErrorCases                         text148       15C6A
_MSDCommandState                               bssBANK0      000E6
_MSDComputeDeviceInAndResidue                  text160       172FC
_MSDErrorHandler                               text149       15A06
_MSDHostNoData                                 bssBANK0      000E5
_MSDProcessCommand                             text136       14D0C
_MSDProcessCommandMediaAbsent                  text137       19410
_MSDProcessCommandMediaPresent                 text138       1100A
_MSDProcessCommandMediaPresent$2712            cstackBANK0   0009B
_MSDReadHandler                                text147       1422C
_MSDReadState                                  bssBANK1      001F9
_MSDRetryAttempt                               bssBANK1      001F8
_MSDTasks                                      text135       135CC
_MSDTasks$2694                                 cstackBANK0   000AD
_MSDTasks$2695                                 cstackBANK0   000AF
_MSDTransferTerminated                         text235       19B18
_MSDTransferTerminated$2729                    cstackCOMRAM  0003B
_MSDWriteHandler                               text139       12A56
_MSDWriteState                                 bssCOMRAM     0001F
_MSD_State                                     bssBANK0      000E7
_OSCCON                                        (abs)         00FD3
_OSCTUNEbits                                   (abs)         00F9B
_PIE2bits                                      (abs)         00FA0
_PIR1bits                                      (abs)         00F9E
_PIR2bits                                      (abs)         00FA1
_PORTAbits                                     (abs)         00F80
_PORTBbits                                     (abs)         00F81
_PPSCONbits                                    (abs)         00EBF
_PR2                                           (abs)         00FCB
_RCONbits                                      (abs)         00FD0
_RPINR1                                        (abs)         00EE1
_RPINR2                                        (abs)         00EE2
_RPINR21                                       (abs)         00EFC
_RPINR22                                       (abs)         00EFD
_RPINR3                                        (abs)         00EE3
_RPOR21                                        (abs)         00ED5
_RPOR22                                        (abs)         00ED6
_RPOR5                                         (abs)         00EC5
_RPOR6                                         (abs)         00EC6
_RTCCAL                                        (abs)         00F3E
_RTCCFGbits                                    (abs)         00F3F
_RTCVALH                                       (abs)         00F3B
_RTCVALL                                       (abs)         00F3A
_RXADDRH                                       (abs)         00F68
_RXADDRL                                       (abs)         00F69
_ReceivedDataBuffer                            bssBANK4      00478
_RemoteWakeup                                  bssCOMRAM     00028
_ResetSenseData                                text151       1887E
_SSP1ADD                                       (abs)         00FC8
_SSP1BUF                                       (abs)         00FC9
_SSP1CON1bits                                  (abs)         00FC6
_SSP1CON2bits                                  (abs)         00FC5
_SSP1STATbits                                  (abs)         00FC7
_SSP2CON1bits                                  (abs)         00F72
_SSP2STATbits                                  (abs)         00F73
_SYSTEM_Initialize                             text133       19340
_SYS_InterruptHigh                             intcode       00008
_SetupPkt                                      (abs)         00D30
_SoftDetach                                    bssBANK1      001F6
_T0CONbits                                     (abs)         00FD5
_T1CONbits                                     (abs)         00FCD
_T2CONbits                                     (abs)         00FCA
_TMR0H                                         (abs)         00FD7
_TMR0L                                         (abs)         00FD6
_TMR1H                                         (abs)         00FCF
_TMR1L                                         (abs)         00FCE
_TMR2                                          (abs)         00FCC
_TRISAbits                                     (abs)         00F92
_TRISBbits                                     (abs)         00F93
_TRISCbits                                     (abs)         00F94
_TRISDbits                                     (abs)         00F95
_TRISEbits                                     (abs)         00F96
_TXADDRH                                       (abs)         00F6A
_TXADDRL                                       (abs)         00F6B
_ToSendDataBuffer                              bssBANK3      003A4
_TransferLength                                bssBANK0      000D9
_UADDR                                         (abs)         00F38
_UCFG                                          (abs)         00F39
_UCON                                          (abs)         00F65
_UCONbits                                      (abs)         00F65
_UEIE                                          (abs)         00F37
_UEIR                                          (abs)         00F63
_UEP0                                          (abs)         00F26
_UEP0bits                                      (abs)         00F26
_UEP1                                          (abs)         00F27
_UIE                                           (abs)         00F36
_UIEbits                                       (abs)         00F36
_UIR                                           (abs)         00F62
_UIRbits                                       (abs)         00F62
_USB1msTickCount                               bssBANK1      001DD
_USBActiveConfiguration                        bssCOMRAM     0002D
_USBAlternateInterface                         bssBANK1      001FC
_USBBusIsSuspended                             bssCOMRAM     00027
_USBCheckHIDRequest                            text234       16F9C
_USBCheckMSDRequest                            text233       17226
_USBCheckMSDRequest$2640                       cstackCOMRAM  00039
_USBCheckMSDRequest$2641                       cstackCOMRAM  0003B
_USBCheckStdRequest                            text225       16EC2
_USBConfigureEndpoint                          text245       18390
_USBCtrlEPAllowDataStage                       text224       18134
_USBCtrlEPAllowStatusStage                     text248       17566
_USBCtrlEPService                              text220       182FA
_USBCtrlEPServiceComplete                      text223       16B24
_USBCtrlTrfInHandler                           text249       176E8
_USBCtrlTrfOutHandler                          text246       19902
_USBCtrlTrfRxService                           text247       16318
_USBCtrlTrfSetupHandler                        text222       184B6
_USBCtrlTrfTxService                           text250       173CE
_USBDeferINDataStagePackets                    bssCOMRAM     00020
_USBDeferOUTDataStagePackets                   bssBANK1      001FB
_USBDeferStatusStagePacket                     bssCOMRAM     00023
_USBDeviceAttach                               text132       1A0F4
_USBDeviceInit                                 text130       14B9E
_USBDeviceState                                bssCOMRAM     0002B
_USBDeviceTasks                                text214       15504
_USBEnableEndpoint                             text244       1A0B8
_USBInHandle                                   bssBANK0      000D7
_USBIncrement1msInternalTimers                 text219       1A7C8
_USBMSDInHandle                                bssBANK0      000DB
_USBMSDInit                                    text238       15D9A
_USBMSDOutHandle                               bssBANK0      000DD
_USBOutHandle                                  bssBANK1      001E9
_USBStallEndpoint                              text150       1578E
_USBStallHandler                               text218       19EBE
_USBStatusStageEnabledFlag1                    bssCOMRAM     00022
_USBStatusStageEnabledFlag2                    bssCOMRAM     00021
_USBStatusStageTimeoutCounter                  bssCOMRAM     00024
_USBStdFeatureReqHandler                       text230       13B1C
_USBStdGetDscHandler                           text229       15B38
_USBStdGetStatusHandler                        text228       17D70
_USBStdSetCfgHandler                           text226       16DE6
_USBSuspend                                    text217       1A372
_USBTicksSinceSuspendEnd                       bssBANK1      001FA
_USBTransferOnePacket                          text211       158D2
_USBWakeFromSuspend                            text216       1A1D2
_USB_CD_Ptr                                    mediumconst   0FEB3
_USB_SD_Ptr                                    mediumconst   0FEA1
_USER_USB_CALLBACK_EVENT_HANDLER               text231       18904
_USTAT                                         (abs)         00F64
_USTATcopy                                     bssCOMRAM     0002C
__CFG_ADCSEL$BIT10                             (abs)         00000
__CFG_CFGPLLEN$ON                              (abs)         00000
__CFG_CLKOEC$OFF                               (abs)         00000
__CFG_CP0$OFF                                  (abs)         00000
__CFG_CPUDIV$OSC1                              (abs)         00000
__CFG_DSBOREN$OFF                              (abs)         00000
__CFG_DSWDTEN$OFF                              (abs)         00000
__CFG_DSWDTOSC$INTOSCREF                       (abs)         00000
__CFG_DSWDTPS$8192                             (abs)         00000
__CFG_FCMEN$OFF                                (abs)         00000
__CFG_IESO$ON                                  (abs)         00000
__CFG_IOL1WAY$OFF                              (abs)         00000
__CFG_LS48MHZ$SYS48X8                          (abs)         00000
__CFG_MSSP7B_EN$MSK7                           (abs)         00000
__CFG_OSC$HSPLL                                (abs)         00000
__CFG_PLLDIV$2                                 (abs)         00000
__CFG_RTCOSC$T1OSCREF                          (abs)         00000
__CFG_SOSCSEL$HIGH                             (abs)         00000
__CFG_STVREN$ON                                (abs)         00000
__CFG_WDTEN$OFF                                (abs)         00000
__CFG_WDTPS$32768                              (abs)         00000
__CFG_WPCFG$OFF                                (abs)         00000
__CFG_WPDIS$OFF                                (abs)         00000
__CFG_WPEND$PAGE_0                             (abs)         00000
__CFG_WPFP$PAGE_1                              (abs)         00000
__CFG_XINST$OFF                                (abs)         00000
__HRAM                                         (abs)         00000
__Habs1                                        abs1          00000
__Hbank0                                       bank0         00000
__Hbank1                                       bank1         00000
__Hbank10                                      bank10        00000
__Hbank11                                      bank11        00000
__Hbank12                                      bank12        00000
__Hbank13                                      bank13        00000
__Hbank14                                      bank14        00000
__Hbank2                                       bank2         00000
__Hbank3                                       bank3         00000
__Hbank4                                       bank4         00000
__Hbank5                                       bank5         00000
__Hbank6                                       bank6         00000
__Hbank7                                       bank7         00000
__Hbank8                                       bank8         00000
__Hbank9                                       bank9         00000
__Hbigbss                                      bigbss        00000
__Hbigdata                                     bigdata       00000
__Hbigram                                      bigram        00000
__Hbss                                         bss           00000
__HbssBANK0                                    bssBANK0      00000
__HbssBANK1                                    bssBANK1      00000
__HbssBANK2                                    bssBANK2      00000
__HbssBANK3                                    bssBANK3      00000
__HbssBANK4                                    bssBANK4      00000
__HbssBIGRAMll                                 bssBIGRAMll   00000
__HbssCOMRAM                                   bssCOMRAM     00000
__Hcinit                                       cinit         00000
__Hclrtext                                     clrtext       00000
__Hcomram                                      comram        00000
__Hconfig                                      config        20000
__Hconst                                       const         00000
__HcstackBANK0                                 cstackBANK0   00000
__HcstackBANK1                                 cstackBANK1   00000
__HcstackCOMRAM                                cstackCOMRAM  00000
__Hdata                                        data          00000
__HdataBANK2                                   dataBANK2     00000
__HdataBANK3                                   dataBANK3     00000
__HdataBANK4                                   dataBANK4     00000
__Hfarbss                                      farbss        00000
__Hfardata                                     fardata       00000
__Hibigdata                                    ibigdata      00000
__Hidata                                       idata         00000
__HidataBANK2                                  idataBANK2    00000
__HidataBANK3                                  idataBANK3    00000
__HidataBANK4                                  idataBANK4    00000
__Hidloc                                       idloc         00000
__Hifardata                                    ifardata      00000
__Hinit                                        init          0008A
__Hintcode                                     intcode       00086
__Hintcode_body                                intcode_body  00000
__Hintcodelo                                   intcodelo     00086
__Hintentry                                    intentry      00000
__Hintret                                      intret        00000
__Hintsave_regs                                intsave_regs  00000
__Hirdata                                      irdata        00000
__Hjflash_buffer                               jflash_buffer 1F800
__Hmediumconst                                 mediumconst   10000
__HnvFARRAM                                    nvFARRAM      00000
__Hnvbit                                       nvbit         00000
__Hnvrram                                      nvrram        00000
__Hparam                                       rparam        00000
__Hpowerup                                     powerup       00086
__Hram                                         ram           00000
__Hramtop                                      ramtop        00F00
__Hrbit                                        rbit          00000
__Hrbss                                        rbss          00000
__Hrdata                                       rdata         00000
__Hreset_vec                                   reset_vec     00004
__Hrparam                                      rparam        00000
[...]
Total ram usage:        1 bytes
 Hardware stack levels used:    1
 This function calls:
		Nothing
 This function is called by:
		_USBCtrlEPAllowDataStage
		_USBCtrlTrfInHandler
 This function uses a non-reentrant model



MODULE INFORMATION

Module		Function		Class		Link	Load	Size
C:\Program Files (x86)\Microchip\xc8\v1.42\sources\common\memcpy.c
		_memcpy        		CODE           	193A8	0000	105

C:\Program Files (x86)\Microchip\xc8\v1.42\sources\common\memcpy.c estimated size: 105

usb_device_hid.c
		_USBCheckHIDRequest		CODE           	16F9C	0000	219

usb_device_hid.c estimated size: 219

C:\Program Files (x86)\Microchip\xc8\v1.42\sources\common\lwdiv.c
		___lwdiv       		CODE           	18D86	0000	121

C:\Program Files (x86)\Microchip\xc8\v1.42\sources\common\lwdiv.c estimated size: 121

C:\Program Files (x86)\Microchip\xc8\v1.42\sources\common\awdiv.c
		___awdiv       		CODE           	177A8	0000	191

C:\Program Files (x86)\Microchip\xc8\v1.42\sources\common\awdiv.c estimated size: 191

rtcc.c
		_rtcc_get_minutes		CODE           	1AA6E	0000	21
		_rtcc_set_day  		CODE           	1A97E	0000	27
		__rtcc_write_enable		CODE           	1A9DE	0000	23
		_rtcc_decrement_year		CODE           	1A606	0000	43
		_rtcc_increment_seconds		CODE           	1A55E	0000	43
		_rtcc_set_year 		CODE           	1A8FC	0000	27
		_rtcc_get_month		CODE           	1AA5A	0000	21
		_rtcc_set_seconds		CODE           	1A916	0000	27
		_rtcc_get_hours		CODE           	1AA82	0000	21
		__rtcc_decrement_bcd		CODE           	19FC2	0000	63
		_rtcc_set_minutes		CODE           	1A94A	0000	27
		_rtcc_decrement_seconds		CODE           	1A630	0000	43
		__rtcc_bdc_to_decimal		CODE           	1A72C	0000	41
		_rtcc_set_month		CODE           	1A930	0000	27
		_rtcc_set_hours		CODE           	1A964	0000	27
		_rtcc_increment_minutes		CODE           	1A5B2	0000	43
		_rtcc_increment_hours		CODE           	1A5DC	0000	43
		_rtcc_get_seconds_decimal		CODE           	1AB04	0000	19
		_rtcc_increment_month		CODE           	1A588	0000	43
		_rtcc_get_minutes_decimal		CODE           	1AAAA	0000	19
		_rtcc_decrement_minutes		CODE           	1A684	0000	43
		_rtcc_decrement_hours		CODE           	1A6AE	0000	43
		_rtcc_decrement_month		CODE           	1A65A	0000	43
		_rtcc_increment_day		CODE           	1A484	0000	45
		__rtcc_write_disable		CODE           	1A9F4	0000	23
		__number_of_days		CODE           	18B9A	0000	127
		_rtcc_correct_day		CODE           	1A7A2	0000	39
		_rtcc_decrement_day		CODE           	1A4B0	0000	45
		__rtcc_increment_bcd		CODE           	19F84	0000	63
		_rtcc_write_eeprom		CODE           	19C66	0000	83
		_rtcc_init     		CODE           	1A812	0000	33
		_rtcc_read_eeprom		CODE           	19BC2	0000	83
		_rtcc_get_day_decimal		CODE           	1AAF2	0000	19
		_rtcc_get_year_decimal		CODE           	1AACE	0000	19
		_rtcc_get_month_decimal		CODE           	1AAE0	0000	19
		_rtcc_get_hours_decimal		CODE           	1AABC	0000	19
		_rtcc_get_day  		CODE           	1AA96	0000	21
		_rtcc_get_year 		CODE           	1AA32	0000	21
		_rtcc_increment_year		CODE           	1A534	0000	43
		_rtcc_get_seconds		CODE           	1AA46	0000	21

rtcc.c estimated size: 1500

C:\Program Files (x86)\Microchip\xc8\v1.42\sources\common\Umul32.c
		___lmul        		CODE           	18E76	0000	119

C:\Program Files (x86)\Microchip\xc8\v1.42\sources\common\Umul32.c estimated size: 119

C:\Program Files (x86)\Microchip\xc8\v1.42\sources\common\lldiv.c
		___lldiv       		CODE           	179E0	0000	189

C:\Program Files (x86)\Microchip\xc8\v1.42\sources\common\lldiv.c estimated size: 189

C:\Program Files (x86)\Microchip\xc8\v1.42\sources\common\aldiv.c
		___aldiv       		CODE           	15FD4	0000	283

C:\Program Files (x86)\Microchip\xc8\v1.42\sources\common\aldiv.c estimated size: 283

log.c
		__get_output_power		CODE           	18A10	0000	133
		__get_dateTime 		CODE           	14832	0000	439
		_log_generate_entry		CODE           	11C5E	0000	979
		_log_write_to_disk		CODE           	185D4	0000	139
		__get_temperature		CODE           	1A3A2	0000	47
		_log_get_number_of_samples		CODE           	1AB7A	0000	11
		__get_checksum 		CODE           	19E78	0000	71
		_log_start_new 		CODE           	16A32	0000	243
		_log_collect_data		CODE           	12D78	0000	735
		__get_input_power		CODE           	18A94	0000	133

log.c estimated size: 2930

i2c.c
		_i2c_eeprom_write		CODE           	17CC4	0000	173
		__i2c_eeprom_load_default_calibration		CODE           	11440	0000	1045
		_i2c_adc_start 		CODE           	19D54	0000	75
		__i2c_read     		CODE           	17628	0000	193
		_i2c_eeprom_tasks		CODE           	19046	0000	113
		_i2c_display_write_fixed		CODE           	194DC	0000	101
		__i2c_not_acknowledge		CODE           	1AB84	0000	11
		__i2c_get      		CODE           	1AB8E	0000	11
		__i2c_wait_idle		CODE           	18EEC	0000	119
		_i2c_display_send_init_sequence		CODE           	1A30E	0000	51
		__write_calibration		CODE           	17924	0000	189
		_i2c_digipot_reset_off		CODE           	1A458	0000	45
		__i2c_send     		CODE           	1ABAC	0000	11
		_i2c_eeprom_read		CODE           	195A4	0000	99
		_i2c_set_frequency		CODE           	190B6	0000	113
		_schedule_eeprom_write_task		CODE           	19AC2	0000	87
		_i2c_digipot_reset_on		CODE           	1A42C	0000	45
		__ic2_display_set_address		CODE           	1A2A6	0000	53
		_i2c_eeprom_read_calibration		CODE           	15270	0000	331
		__i2c_open_1   		CODE           	1A998	0000	25
		__i2c_stop     		CODE           	1ABB6	0000	9
		_i2c_digipot_backlight		CODE           	1A23E	0000	53
		__i2c_write    		CODE           	199B8	0000	91
		__i2c_start    		CODE           	1ABBE	0000	9
		_i2c_init      		CODE           	1AB56	0000	13
		_get_next_eeprom_write_task		CODE           	1A3FE	0000	47
		__i2c_acknowledge		CODE           	1AB98	0000	11
		_i2c_adc_read  		CODE           	1984A	0000	93
		_i2c_display_cursor		CODE           	1A272	0000	53

i2c.c estimated size: 3269

C:\Program Files (x86)\Microchip\xc8\v1.42\sources\common\fttol.c
		___fttol       		CODE           	1564A	0000	325

C:\Program Files (x86)\Microchip\xc8\v1.42\sources\common\fttol.c estimated size: 325

buck.c
		__buck_prepare 		CODE           	19126	0000	111
		__buck_set_sync_async		CODE           	18F62	0000	117
		__buck_operate_local		CODE           	106D8	0000	1263
		__buck_pin_init		CODE           	1A19C	0000	55
		_buck_init     		CODE           	1AB48	0000	15
		__buck_initial_dutycycle		CODE           	1714E	0000	217
		_buck_get_mode 		CODE           	1ABDE	0000	5
		__buck_operate_remote		CODE           	16630	0000	263
		_buck_remote_change_dutycycle		CODE           	19668	0000	99
		_buck_remote_set_enable		CODE           	1A86E	0000	31
		_buck_operate  		CODE           	1978E	0000	95
		_buck_remote_get_status		CODE           	1A340	0000	51
		_buck_remote_set_on		CODE           	1A850	0000	31
		_buck_remote_set_synchronous		CODE           	1A832	0000	31
		_buck_get_dutycycle		CODE           	1ABD8	0000	7
		__buck_set_dutycycle		CODE           	18C18	0000	125
		__buck_stop    		CODE           	1A4DC	0000	45
		__buck_start   		CODE           	17076	0000	217
		_buck_remote_get_dutycycle		CODE           	1ABD2	0000	7
		_buck_remote_set_dutycycle		CODE           	1A702	0000	43
		__buck_timer2_init		CODE           	1A9B0	0000	25

buck.c estimated size: 2853

app_device_msd.c
		_APP_DeviceMSDInitialize		CODE           	1AB38	0000	17
		_APP_DeviceMSDTasks		CODE           	1AB16	0000	19

app_device_msd.c estimated size: 36

C:\Program Files (x86)\Microchip\xc8\v1.42\sources\common\strncmp.c
		_strncmp       		CODE           	181CE	0000	151

C:\Program Files (x86)\Microchip\xc8\v1.42\sources\common\strncmp.c estimated size: 151

adc.c
		_adc_calculate_temperature		CODE           	15EB8	0000	285
		_adc_calibrate 		CODE           	1AB62	0000	13
		_adc_read      		CODE           	18546	0000	143
		_adc_init      		CODE           	1A8AA	0000	29

adc.c estimated size: 470

ui.c
		_ui_get_status 		CODE           	1ABCC	0000	7
		_ui_run        		CODE           	16206	0000	275
		_ui_init       		CODE           	1AA0A	0000	21
		__ui_encoder   		CODE           	10BC6	0000	1093

ui.c estimated size: 1396

C:\Program Files (x86)\Microchip\xc8\v1.42\sources\common\strlen.c
		_strlen        		CODE           	19D9E	0000	75

C:\Program Files (x86)\Microchip\xc8\v1.42\sources\common\strlen.c estimated size: 75

app_device_custom_hid.c
		__fill_buffer_get_status		CODE           	13880	0000	669
		_APP_DeviceCustomHIDTasks		CODE           	11854	0000	1035
		_APP_DeviceCustomHIDInitialize		CODE           	1A208	0000	55
		__parse_command_long		CODE           	16C16	0000	237
		__parse_command_calibration		CODE           	153BA	0000	331
		__fill_buffer_get_display1		CODE           	1972C	0000	99
		__fill_buffer_get_display2		CODE           	196CA	0000	99
		__fill_buffer_get_calibration1		CODE           	17EBE	0000	161
		__fill_buffer_get_calibration2		CODE           	18C94	0000	123
		__parse_command_short		CODE           	16D02	0000	229

app_device_custom_hid.c estimated size: 3038

shared
		i2_USBStallEndpoint		CODE           	16736	0000	263
		_configDescriptor1		MEDIUMCONST    	FEB5	0000	65
		__display_usb@F8712		MEDIUMCONST    	FCA1	0000	21
		__display_efficiency@F8753		MEDIUMCONST    	FD04	0000	20
		__display_efficiency@F8755		MEDIUMCONST    	FCF1	0000	20
		__display_efficiency@F8757		MEDIUMCONST    	FDF5	0000	15
		_inq_resp      		MEDIUMCONST    	FF57	0000	37
		_USB_CD_Ptr    		MEDIUMCONST    	FEB3	0000	3
		_sd001         		MEDIUMCONST    	FEF5	0000	53
		__display_usb@F8714		MEDIUMCONST    	FDC5	0000	17
		i2_ExternalFlash_MediaDetect		CODE           	1ABE2	0000	5
		__display_charger@F8744		MEDIUMCONST    	FD95	0000	17
		__display_usb@F8716		MEDIUMCONST    	FDB5	0000	17
		__display_outputs@F8722		MEDIUMCONST    	FE03	0000	15
		__display_usb@F8718		MEDIUMCONST    	FD84	0000	18
		__display_outputs@F8728		MEDIUMCONST    	FC4F	0000	22
		__display_time@F8701		MEDIUMCONST    	FDD5	0000	17
		_sd002         		MEDIUMCONST    	FF29	0000	47
		__display_charger@F8732		MEDIUMCONST    	FC3A	0000	22
		__display_inout@F8665		MEDIUMCONST    	FD72	0000	19
		i2_USBDeviceInit		CODE           	15120	0000	337
		i2_ResetSenseData		CODE           	1898A	0000	135
		__display_charger@F8738		MEDIUMCONST    	FEA9	0000	8
		__display_time@F8681		MEDIUMCONST    	FE99	0000	9
		_sd003         		MEDIUMCONST    	FF98	0000	27
		__display_time@F8691		MEDIUMCONST    	FD4E	0000	19
		__display_charger@F8742		MEDIUMCONST    	FE45	0000	13
		__display_inout@F8667		MEDIUMCONST    	FD60	0000	19
		__display_time@F8683		MEDIUMCONST    	FE74	0000	11
		__display_charger@F8748		MEDIUMCONST    	FC8D	0000	21
		__initialization		CODE           	174A0	0000	189
		__display_time@F8693		MEDIUMCONST    	FDE5	0000	17
		__display_outputs@F8726		MEDIUMCONST    	FC64	0000	22
		__display_time@F8675		MEDIUMCONST    	FE11	0000	15
		_device_dsc    		MEDIUMCONST    	FFB2	0000	19
		i2_ExternalFlash_MediaInitialize		CODE           	1A88C	0000	31
		__display_time@F8685		MEDIUMCONST    	FE5D	0000	13
		__display_time@F8695		MEDIUMCONST    	FD3C	0000	19
		__display_inout@F8669		MEDIUMCONST    	FEB0	0000	4
		__display_time@F8677		MEDIUMCONST    	FE88	0000	10
		__display_charger@F8736		MEDIUMCONST    	FD17	0000	20
		__display_time@F8687		MEDIUMCONST    	FE51	0000	13
		_flash_command_pagesize_512		MEDIUMCONST    	FFC8	0000	5
		_flash_command_pagesize_528		MEDIUMCONST    	FFC4	0000	5
		__display_time@F8697		MEDIUMCONST    	FCC9	0000	21
		__display_time@F8679		MEDIUMCONST    	FE7E	0000	11
		__display_time@F8689		MEDIUMCONST    	FCDD	0000	21
		__display_charger@F8740		MEDIUMCONST    	FE91	0000	9
		__display_time@F8699		MEDIUMCONST    	FCB5	0000	21
		i2_SYSTEM_Initialize		CODE           	19B6E	0000	85
		__display_charger@F8746		MEDIUMCONST    	FC25	0000	22
		_USB_SD_Ptr    		MEDIUMCONST    	FEA1	0000	9
		__display_outputs@F8724		MEDIUMCONST    	FDA5	0000	17
		_hid_rpt01     		MEDIUMCONST    	FF7B	0000	30
		i2_memset      		CODE           	1A508	0000	45
		__display_temperature@F8773		MEDIUMCONST    	FC79	0000	21
		__display_temperature@F8775		MEDIUMCONST    	FE69	0000	12
		__display_temperature@F8777		MEDIUMCONST    	FE39	0000	13
		__display_temperature@F8779		MEDIUMCONST    	FE2D	0000	13
		_sd000         		MEDIUMCONST    	FFCC	0000	5
		i2_memcpy      		CODE           	198A6	0000	93
		i2_USBTransferOnePacket		CODE           	1683C	0000	259
		__display_charger@F8734		MEDIUMCONST    	FD2A	0000	19
		__display_inout@F8671		MEDIUMCONST    	FE1F	0000	15

shared estimated size: 2435

C:\Program Files (x86)\Microchip\xc8\v1.42\sources\common\altoft.c
		___altoft      		CODE           	17F5E	0000	159

C:\Program Files (x86)\Microchip\xc8\v1.42\sources\common\altoft.c estimated size: 159

flash.c
		__flash_copy_page_to_buffer		CODE           	18D0E	0000	121
		_flash_page_write		CODE           	19A12	0000	89
		__flash_wakeup 		CODE           	197EC	0000	95
		__flash_spi_tx 		CODE           	1926C	0000	109
		_flash_partial_write		CODE           	18FD6	0000	113
		_flash_init    		CODE           	19CB8	0000	79
		__flash_spi_tx_rx		CODE           	17A9C	0000	189
		__flash_spi_tx_tx		CODE           	17C10	0000	181
		_flash_partial_read		CODE           	17E1A	0000	165
		_flash_is_busy 		CODE           	1A7EE	0000	37
		__flash_write_to_buffer		CODE           	19476	0000	103
		__flash_get_status		CODE           	19F44	0000	65
		__flash_set_page_size		CODE           	186E8	0000	137
		__flash_write_page_from_buffer		CODE           	18DFE	0000	121
		_flash_page_read		CODE           	1A6D8	0000	43
		__flash_compare_page_to_buffer		CODE           	1809A	0000	155

flash.c estimated size: 1802

C:\Program Files (x86)\Microchip\xc8\v1.42\sources\common\memset.c
		_memset        		CODE           	1A2DA	0000	53

C:\Program Files (x86)\Microchip\xc8\v1.42\sources\common\memset.c estimated size: 53

os.c
		_system_init   		CODE           	160EE	0000	281
		_system_output_on		CODE           	19D06	0000	79
		_system_output_off		CODE           	19A6A	0000	89
		_system_encoder_enable		CODE           	1AB28	0000	17
		_system_output_is_on		CODE           	1A8E2	0000	27
		__system_encoder_init		CODE           	19DE8	0000	73
		_system_calculate_output_voltage		CODE           	16424	0000	263
		_system_calculate_input_voltage		CODE           	1652A	0000	263
		_system_calculate_input_current		CODE           	14FC6	0000	347
		_system_calculate_output_current		CODE           	14E6C	0000	347
		_system_encoder_disable		CODE           	1ABC6	0000	7
		_tmr_isr       		CODE           	17FFC	0000	159
		__system_timer0_init		CODE           	19F04	0000	65
		_system_output_toggle		CODE           	1A77C	0000	39

os.c estimated size: 2056

C:\Program Files (x86)\Microchip\xc8\v1.42\sources\common\float.c
		___ftpack      		CODE           	008A	0000	269

C:\Program Files (x86)\Microchip\xc8\v1.42\sources\common\float.c estimated size: 269

usb_device.c
		_USBCtrlTrfInHandler		CODE           	176E8	0000	193
		_USBTransferOnePacket		CODE           	158D2	0000	309
		_USBDeviceAttach		CODE           	1A0F4	0000	57
		_USBStdGetDscHandler		CODE           	15B38	0000	307
		_USBCtrlEPAllowDataStage		CODE           	18134	0000	155
		_USBStdFeatureReqHandler		CODE           	13B1C	0000	669
		_USBCtrlEPAllowStatusStage		CODE           	17566	0000	195
		_USBCtrlTrfSetupHandler		CODE           	184B6	0000	145
		_USBCtrlTrfOutHandler		CODE           	19902	0000	93
		_USBCtrlEPServiceComplete		CODE           	16B24	0000	243
		_USBSuspend    		CODE           	1A372	0000	49
		_USBStdSetCfgHandler		CODE           	16DE6	0000	221
		_USBStdGetStatusHandler		CODE           	17D70	0000	171
		_USBWakeFromSuspend		CODE           	1A1D2	0000	55
		_USBStallEndpoint		CODE           	1578E	0000	325
		_USBCtrlTrfRxService		CODE           	16318	0000	269
		_USBCtrlTrfTxService		CODE           	173CE	0000	211
		_USBEnableEndpoint		CODE           	1A0B8	0000	61
		_USBConfigureEndpoint		CODE           	18390	0000	149
		_USBDeviceInit 		CODE           	14B9E	0000	367
		_USBIncrement1msInternalTimers		CODE           	1A7C8	0000	39
		_USBCtrlEPService		CODE           	182FA	0000	151
		_USBStallHandler		CODE           	19EBE	0000	71
		_USBDeviceTasks		CODE           	15504	0000	327
		_USBCheckStdRequest		CODE           	16EC2	0000	219

usb_device.c estimated size: 5051

display.c
		__display_outputs		CODE           	13DB8	0000	601
		__display_clear		CODE           	19540	0000	101
		__display_inout		CODE           	14010	0000	541
		__display_temperature		CODE           	14440	0000	509
		__display_efficiency		CODE           	12030	0000	897
		_display_update		CODE           	1865E	0000	139
		_display_prepare		CODE           	18770	0000	137
		_display_get_character		CODE           	1A07C	0000	61
		__display_usb  		CODE           	149E8	0000	439
		__display_itoa 		CODE           	13314	0000	697
		__display_time 		CODE           	10000	0000	1753
		__display_charger		CODE           	12716	0000	833

display.c estimated size: 6708

C:\Program Files (x86)\Microchip\xc8\v1.42\sources\common\lwmod.c
		___lwmod       		CODE           	19606	0000	99

C:\Program Files (x86)\Microchip\xc8\v1.42\sources\common\lwmod.c estimated size: 99

usb_events.c
		_USER_USB_CALLBACK_EVENT_HANDLER		CODE           	18904	0000	135

usb_events.c estimated size: 135

main.c
		_main          		CODE           	123B0	0000	871

main.c estimated size: 871

C:\Program Files (x86)\Microchip\xc8\v1.42\sources\common\itoa.c
		_itoa          		CODE           	19E30	0000	73
		_utoa          		CODE           	17866	0000	191

C:\Program Files (x86)\Microchip\xc8\v1.42\sources\common\itoa.c estimated size: 264

fat16.c
		__sector_from_cluster		CODE           	1A9C8	0000	23
		__get_date     		CODE           	18B18	0000	131
		__get_time     		CODE           	187F8	0000	135
		_fat_append_to_file		CODE           	13056	0000	703
		__root_is_available		CODE           	18264	0000	151
		__read_fat     		CODE           	1995E	0000	91
		_fat_get_empty_clusters		CODE           	17B58	0000	185
		__get_available_root_entry		CODE           	1A3D0	0000	47
		__get_empty_cluster		CODE           	18424	0000	147
		__read_root    		CODE           	19200	0000	109
		__write_fat    		CODE           	19C14	0000	83
		__write_root   		CODE           	19194	0000	109
		_fat_create_file		CODE           	1463C	0000	503
		_fat_find_file 		CODE           	1693E	0000	245
		__update_modified_time		CODE           	1A000	0000	63

fat16.c estimated size: 2725

external_flash.c
		_ExternalFlash_MediaInitialize		CODE           	1A754	0000	41
		_ExternalFlash_WriteProtectStateGet		CODE           	0196	0000	5
		_ExternalFlash_MediaDetect		CODE           	1ABA2	0000	11
		_ExternalFlash_CapacityRead		CODE           	1AA1E	0000	21
		_ExternalFlash_SectorSizeRead		CODE           	1AB6E	0000	13
		_ExternalFlash_SectorWrite		CODE           	1A12C	0000	57
		_ExternalFlash_SectorRead		CODE           	1A164	0000	57

external_flash.c estimated size: 205

system.c
		_SYS_InterruptHigh		CODE           	0008	0000	127
		_SYSTEM_Initialize		CODE           	19340	0000	105

system.c estimated size: 232

usb_device_msd.c
		_ResetSenseData		CODE           	1887E	0000	135
		_USBMSDInit    		CODE           	15D9A	0000	287
		_MSDWriteHandler		CODE           	12A56	0000	803
		_MSDErrorHandler		CODE           	15A06	0000	307
		_MSDProcessCommandMediaAbsent		CODE           	19410	0000	103
		_MSDComputeDeviceInAndResidue		CODE           	172FC	0000	211
		_MSDReadHandler		CODE           	1422C	0000	533
		_MSDCheckForErrorCases		CODE           	15C6A	0000	305
		_MSDProcessCommand		CODE           	14D0C	0000	353
		_MSDTasks      		CODE           	135CC	0000	693
		_MSDTransferTerminated		CODE           	19B18	0000	87
		_MSDProcessCommandMediaPresent		CODE           	1100A	0000	1079
		_USBCheckMSDRequest		CODE           	17226	0000	215

usb_device_msd.c estimated size: 5111

